Archive member included to satisfy reference by file (symbol)

c:/st/stm32cubeide_1.11.0/stm32cubeide/plugins/com.st.stm32cube.ide.mcu.externaltools.gnu-tools-for-stm32.10.3-2021.10.win32_1.0.100.202210260954/tools/bin/../lib/gcc/arm-none-eabi/10.3.1/../../../../arm-none-eabi/lib/thumb/v7e-m+fp/hard\libc_nano.a(lib_a-errno.o)
                              ./Core/Src/syscalls.o (__errno)
c:/st/stm32cubeide_1.11.0/stm32cubeide/plugins/com.st.stm32cube.ide.mcu.externaltools.gnu-tools-for-stm32.10.3-2021.10.win32_1.0.100.202210260954/tools/bin/../lib/gcc/arm-none-eabi/10.3.1/../../../../arm-none-eabi/lib/thumb/v7e-m+fp/hard\libc_nano.a(lib_a-exit.o)
                              c:/st/stm32cubeide_1.11.0/stm32cubeide/plugins/com.st.stm32cube.ide.mcu.externaltools.gnu-tools-for-stm32.10.3-2021.10.win32_1.0.100.202210260954/tools/bin/../lib/gcc/arm-none-eabi/10.3.1/../../../../arm-none-eabi/lib/thumb/v7e-m+fp/hard/crt0.o (exit)
c:/st/stm32cubeide_1.11.0/stm32cubeide/plugins/com.st.stm32cube.ide.mcu.externaltools.gnu-tools-for-stm32.10.3-2021.10.win32_1.0.100.202210260954/tools/bin/../lib/gcc/arm-none-eabi/10.3.1/../../../../arm-none-eabi/lib/thumb/v7e-m+fp/hard\libc_nano.a(lib_a-impure.o)
                              c:/st/stm32cubeide_1.11.0/stm32cubeide/plugins/com.st.stm32cube.ide.mcu.externaltools.gnu-tools-for-stm32.10.3-2021.10.win32_1.0.100.202210260954/tools/bin/../lib/gcc/arm-none-eabi/10.3.1/../../../../arm-none-eabi/lib/thumb/v7e-m+fp/hard\libc_nano.a(lib_a-exit.o) (_global_impure_ptr)
c:/st/stm32cubeide_1.11.0/stm32cubeide/plugins/com.st.stm32cube.ide.mcu.externaltools.gnu-tools-for-stm32.10.3-2021.10.win32_1.0.100.202210260954/tools/bin/../lib/gcc/arm-none-eabi/10.3.1/../../../../arm-none-eabi/lib/thumb/v7e-m+fp/hard\libc_nano.a(lib_a-init.o)
                              c:/st/stm32cubeide_1.11.0/stm32cubeide/plugins/com.st.stm32cube.ide.mcu.externaltools.gnu-tools-for-stm32.10.3-2021.10.win32_1.0.100.202210260954/tools/bin/../lib/gcc/arm-none-eabi/10.3.1/../../../../arm-none-eabi/lib/thumb/v7e-m+fp/hard/crt0.o (__libc_init_array)
c:/st/stm32cubeide_1.11.0/stm32cubeide/plugins/com.st.stm32cube.ide.mcu.externaltools.gnu-tools-for-stm32.10.3-2021.10.win32_1.0.100.202210260954/tools/bin/../lib/gcc/arm-none-eabi/10.3.1/../../../../arm-none-eabi/lib/thumb/v7e-m+fp/hard\libc_nano.a(lib_a-itoa.o)
                              ./Core/Src/main.o (itoa)
c:/st/stm32cubeide_1.11.0/stm32cubeide/plugins/com.st.stm32cube.ide.mcu.externaltools.gnu-tools-for-stm32.10.3-2021.10.win32_1.0.100.202210260954/tools/bin/../lib/gcc/arm-none-eabi/10.3.1/../../../../arm-none-eabi/lib/thumb/v7e-m+fp/hard\libc_nano.a(lib_a-memcpy-stub.o)
                              ./FreeRTOS/queue.o (memcpy)
c:/st/stm32cubeide_1.11.0/stm32cubeide/plugins/com.st.stm32cube.ide.mcu.externaltools.gnu-tools-for-stm32.10.3-2021.10.win32_1.0.100.202210260954/tools/bin/../lib/gcc/arm-none-eabi/10.3.1/../../../../arm-none-eabi/lib/thumb/v7e-m+fp/hard\libc_nano.a(lib_a-memset.o)
                              c:/st/stm32cubeide_1.11.0/stm32cubeide/plugins/com.st.stm32cube.ide.mcu.externaltools.gnu-tools-for-stm32.10.3-2021.10.win32_1.0.100.202210260954/tools/bin/../lib/gcc/arm-none-eabi/10.3.1/../../../../arm-none-eabi/lib/thumb/v7e-m+fp/hard/crt0.o (memset)
c:/st/stm32cubeide_1.11.0/stm32cubeide/plugins/com.st.stm32cube.ide.mcu.externaltools.gnu-tools-for-stm32.10.3-2021.10.win32_1.0.100.202210260954/tools/bin/../lib/gcc/arm-none-eabi/10.3.1/../../../../arm-none-eabi/lib/thumb/v7e-m+fp/hard\libc_nano.a(lib_a-sprintf.o)
                              ./Core/Src/main.o (sprintf)
c:/st/stm32cubeide_1.11.0/stm32cubeide/plugins/com.st.stm32cube.ide.mcu.externaltools.gnu-tools-for-stm32.10.3-2021.10.win32_1.0.100.202210260954/tools/bin/../lib/gcc/arm-none-eabi/10.3.1/../../../../arm-none-eabi/lib/thumb/v7e-m+fp/hard\libc_nano.a(lib_a-strlen.o)
                              ./Core/Src/main.o (strlen)
c:/st/stm32cubeide_1.11.0/stm32cubeide/plugins/com.st.stm32cube.ide.mcu.externaltools.gnu-tools-for-stm32.10.3-2021.10.win32_1.0.100.202210260954/tools/bin/../lib/gcc/arm-none-eabi/10.3.1/../../../../arm-none-eabi/lib/thumb/v7e-m+fp/hard\libc_nano.a(lib_a-utoa.o)
                              c:/st/stm32cubeide_1.11.0/stm32cubeide/plugins/com.st.stm32cube.ide.mcu.externaltools.gnu-tools-for-stm32.10.3-2021.10.win32_1.0.100.202210260954/tools/bin/../lib/gcc/arm-none-eabi/10.3.1/../../../../arm-none-eabi/lib/thumb/v7e-m+fp/hard\libc_nano.a(lib_a-itoa.o) (__utoa)
c:/st/stm32cubeide_1.11.0/stm32cubeide/plugins/com.st.stm32cube.ide.mcu.externaltools.gnu-tools-for-stm32.10.3-2021.10.win32_1.0.100.202210260954/tools/bin/../lib/gcc/arm-none-eabi/10.3.1/../../../../arm-none-eabi/lib/thumb/v7e-m+fp/hard\libc_nano.a(lib_a-nano-svfprintf.o)
[...]
Memory Configuration

Name             Origin             Length             Attributes
CCMRAM           0x0000000010000000 0x0000000000010000 xrw
RAM              0x0000000020000000 0x0000000000020000 xrw
FLASH            0x0000000008000000 0x0000000000100000 xr
*default*        0x0000000000000000 0xffffffffffffffff

Linker script and memory map

LOAD c:/st/stm32cubeide_1.11.0/stm32cubeide/plugins/com.st.stm32cube.ide.mcu.externaltools.gnu-tools-for-stm32.10.3-2021.10.win32_1.0.100.202210260954/tools/bin/../lib/gcc/arm-none-eabi/10.3.1/thumb/v7e-m+fp/hard/crti.o
LOAD c:/st/stm32cubeide_1.11.0/stm32cubeide/plugins/com.st.stm32cube.ide.mcu.externaltools.gnu-tools-for-stm32.10.3-2021.10.win32_1.0.100.202210260954/tools/bin/../lib/gcc/arm-none-eabi/10.3.1/thumb/v7e-m+fp/hard/crtbegin.o
LOAD c:/st/stm32cubeide_1.11.0/stm32cubeide/plugins/com.st.stm32cube.ide.mcu.externaltools.gnu-tools-for-stm32.10.3-2021.10.win32_1.0.100.202210260954/tools/bin/../lib/gcc/arm-none-eabi/10.3.1/../../../../arm-none-eabi/lib/thumb/v7e-m+fp/hard/crt0.o
LOAD ./Core/Src/main.o
LOAD ./Core/Src/stm32f4xx_hal_msp.o
LOAD ./Core/Src/stm32f4xx_hal_timebase_tim.o
LOAD ./Core/Src/stm32f4xx_it.o
LOAD ./Core/Src/syscalls.o
LOAD ./Core/Src/sysmem.o
LOAD ./Core/Src/system_stm32f4xx.o
LOAD ./Core/Startup/startup_stm32f407vgtx.o
LOAD ./Drivers/STM32F4xx_HAL_Driver/Src/stm32f4xx_hal.o
LOAD ./Drivers/STM32F4xx_HAL_Driver/Src/stm32f4xx_hal_cortex.o
LOAD ./Drivers/STM32F4xx_HAL_Driver/Src/stm32f4xx_hal_dma.o
LOAD ./Drivers/STM32F4xx_HAL_Driver/Src/stm32f4xx_hal_dma_ex.o
LOAD ./Drivers/STM32F4xx_HAL_Driver/Src/stm32f4xx_hal_exti.o
LOAD ./Drivers/STM32F4xx_HAL_Driver/Src/stm32f4xx_hal_flash.o
LOAD ./Drivers/STM32F4xx_HAL_Driver/Src/stm32f4xx_hal_flash_ex.o
LOAD ./Drivers/STM32F4xx_HAL_Driver/Src/stm32f4xx_hal_flash_ramfunc.o
LOAD ./Drivers/STM32F4xx_HAL_Driver/Src/stm32f4xx_hal_gpio.o
LOAD ./Drivers/STM32F4xx_HAL_Driver/Src/stm32f4xx_hal_pwr.o
LOAD ./Drivers/STM32F4xx_HAL_Driver/Src/stm32f4xx_hal_pwr_ex.o
LOAD ./Drivers/STM32F4xx_HAL_Driver/Src/stm32f4xx_hal_rcc.o
LOAD ./Drivers/STM32F4xx_HAL_Driver/Src/stm32f4xx_hal_rcc_ex.o
LOAD ./Drivers/STM32F4xx_HAL_Driver/Src/stm32f4xx_hal_tim.o
LOAD ./Drivers/STM32F4xx_HAL_Driver/Src/stm32f4xx_hal_tim_ex.o
LOAD ./Drivers/STM32F4xx_HAL_Driver/Src/stm32f4xx_hal_uart.o
LOAD ./FreeRTOS/croutine.o
LOAD ./FreeRTOS/event_groups.o
LOAD ./FreeRTOS/list.o
LOAD ./FreeRTOS/queue.o
LOAD ./FreeRTOS/stream_buffer.o
LOAD ./FreeRTOS/tasks.o
LOAD ./FreeRTOS/timers.o
LOAD ./FreeRTOS/portable/ARM_CM4F/port.o
LOAD ./FreeRTOS/portable/MemMang/heap_4.o
START GROUP
LOAD c:/st/stm32cubeide_1.11.0/stm32cubeide/plugins/com.st.stm32cube.ide.mcu.externaltools.gnu-tools-for-stm32.10.3-2021.10.win32_1.0.100.202210260954/tools/bin/../lib/gcc/arm-none-eabi/10.3.1/../../../../arm-none-eabi/lib/thumb/v7e-m+fp/hard\libc_nano.a
LOAD c:/st/stm32cubeide_1.11.0/stm32cubeide/plugins/com.st.stm32cube.ide.mcu.externaltools.gnu-tools-for-stm32.10.3-2021.10.win32_1.0.100.202210260954/tools/bin/../lib/gcc/arm-none-eabi/10.3.1/../../../../arm-none-eabi/lib/thumb/v7e-m+fp/hard\libm.a
END GROUP
START GROUP
LOAD c:/st/stm32cubeide_1.11.0/stm32cubeide/plugins/com.st.stm32cube.ide.mcu.externaltools.gnu-tools-for-stm32.10.3-2021.10.win32_1.0.100.202210260954/tools/bin/../lib/gcc/arm-none-eabi/10.3.1/thumb/v7e-m+fp/hard\libgcc.a
LOAD c:/st/stm32cubeide_1.11.0/stm32cubeide/plugins/com.st.stm32cube.ide.mcu.externaltools.gnu-tools-for-stm32.10.3-2021.10.win32_1.0.100.202210260954/tools/bin/../lib/gcc/arm-none-eabi/10.3.1/../../../../arm-none-eabi/lib/thumb/v7e-m+fp/hard\libc_nano.a
END GROUP
START GROUP
LOAD c:/st/stm32cubeide_1.11.0/stm32cubeide/plugins/com.st.stm32cube.ide.mcu.externaltools.gnu-tools-for-stm32.10.3-2021.10.win32_1.0.100.202210260954/tools/bin/../lib/gcc/arm-none-eabi/10.3.1/thumb/v7e-m+fp/hard\libgcc.a
LOAD c:/st/stm32cubeide_1.11.0/stm32cubeide/plugins/com.st.stm32cube.ide.mcu.externaltools.gnu-tools-for-stm32.10.3-2021.10.win32_1.0.100.202210260954/tools/bin/../lib/gcc/arm-none-eabi/10.3.1/../../../../arm-none-eabi/lib/thumb/v7e-m+fp/hard\libc_nano.a
LOAD c:/st/stm32cubeide_1.11.0/stm32cubeide/plugins/com.st.stm32cube.ide.mcu.externaltools.gnu-tools-for-stm32.10.3-2021.10.win32_1.0.100.202210260954/tools/bin/../lib/gcc/arm-none-eabi/10.3.1/../../../../arm-none-eabi/lib/thumb/v7e-m+fp/hard\libnosys.a
END GROUP
START GROUP
LOAD c:/st/stm32cubeide_1.11.0/stm32cubeide/plugins/com.st.stm32cube.ide.mcu.externaltools.gnu-tools-for-stm32.10.3-2021.10.win32_1.0.100.202210260954/tools/bin/../lib/gcc/arm-none-eabi/10.3.1/thumb/v7e-m+fp/hard\libgcc.a
LOAD c:/st/stm32cubeide_1.11.0/stm32cubeide/plugins/com.st.stm32cube.ide.mcu.externaltools.gnu-tools-for-stm32.10.3-2021.10.win32_1.0.100.202210260954/tools/bin/../lib/gcc/arm-none-eabi/10.3.1/../../../../arm-none-eabi/lib/thumb/v7e-m+fp/hard\libc_nano.a
LOAD c:/st/stm32cubeide_1.11.0/stm32cubeide/plugins/com.st.stm32cube.ide.mcu.externaltools.gnu-tools-for-stm32.10.3-2021.10.win32_1.0.100.202210260954/tools/bin/../lib/gcc/arm-none-eabi/10.3.1/../../../../arm-none-eabi/lib/thumb/v7e-m+fp/hard\libnosys.a
END GROUP
LOAD c:/st/stm32cubeide_1.11.0/stm32cubeide/plugins/com.st.stm32cube.ide.mcu.externaltools.gnu-tools-for-stm32.10.3-2021.10.win32_1.0.100.202210260954/tools/bin/../lib/gcc/arm-none-eabi/10.3.1/thumb/v7e-m+fp/hard/crtend.o
LOAD c:/st/stm32cubeide_1.11.0/stm32cubeide/plugins/com.st.stm32cube.ide.mcu.externaltools.gnu-tools-for-stm32.10.3-2021.10.win32_1.0.100.202210260954/tools/bin/../lib/gcc/arm-none-eabi/10.3.1/thumb/v7e-m+fp/hard/crtn.o
                0x0000000020020000                _estack = (ORIGIN (RAM) + LENGTH (RAM))
                0x0000000000000200                _Min_Heap_Size = 0x200
                0x0000000000000400                _Min_Stack_Size = 0x400

.isr_vector     0x0000000008000000      0x188
                0x0000000008000000                . = ALIGN (0x4)
 *(.isr_vector)
 .isr_vector    0x0000000008000000      0x188 ./Core/Startup/startup_stm32f407vgtx.o
                0x0000000008000000                g_pfnVectors
                0x0000000008000188                . = ALIGN (0x4)

.text           0x0000000008000190     0x5534
                0x0000000008000190                . = ALIGN (0x4)
 *(.text)
 .text          0x0000000008000190       0x40 c:/st/stm32cubeide_1.11.0/stm32cubeide/plugins/com.st.stm32cube.ide.mcu.externaltools.gnu-tools-for-stm32.10.3-2021.10.win32_1.0.100.202210260954/tools/bin/../lib/gcc/arm-none-eabi/10.3.1/thumb/v7e-m+fp/hard/crtbegin.o
 .text          0x00000000080001d0       0x30 c:/st/stm32cubeide_1.11.0/stm32cubeide/plugins/com.st.stm32cube.ide.mcu.externaltools.gnu-tools-for-stm32.10.3-2021.10.win32_1.0.100.202210260954/tools/bin/../lib/gcc/arm-none-eabi/10.3.1/thumb/v7e-m+fp/hard\libgcc.a(_aeabi_uldivmod.o)
                0x00000000080001d0                __aeabi_uldivmod
 .text          0x0000000008000200      0x2d0 c:/st/stm32cubeide_1.11.0/stm32cubeide/plugins/com.st.stm32cube.ide.mcu.externaltools.gnu-tools-for-stm32.10.3-2021.10.win32_1.0.100.202210260954/tools/bin/../lib/gcc/arm-none-eabi/10.3.1/thumb/v7e-m+fp/hard\libgcc.a(_udivmoddi4.o)
                0x0000000008000200                __udivmoddi4
 .text          0x00000000080004d0        0x4 c:/st/stm32cubeide_1.11.0/stm32cubeide/plugins/com.st.stm32cube.ide.mcu.externaltools.gnu-tools-for-stm32.10.3-2021.10.win32_1.0.100.202210260954/tools/bin/../lib/gcc/arm-none-eabi/10.3.1/thumb/v7e-m+fp/hard\libgcc.a(_dvmd_tls.o)
                0x00000000080004d0                __aeabi_idiv0
                0x00000000080004d0                __aeabi_ldiv0
 *(.text*)
 .text.main     0x00000000080004d4       0x50 ./Core/Src/main.o
                0x00000000080004d4                main
 .text.SystemClock_Config
                0x0000000008000524       0xd4 ./Core/Src/main.o
                0x0000000008000524                SystemClock_Config
 .text.MX_USART2_UART_Init
                0x00000000080005f8       0x54 ./Core/Src/main.o
 .text.MX_GPIO_Init
                0x000000000800064c      0x2f4 ./Core/Src/main.o
 .text.EXTI0_IRQHandler
                0x0000000008000940        0xe ./Core/Src/main.o
                0x0000000008000940                EXTI0_IRQHandler
 *fill*         0x000000000800094e        0x2 
 .text.EXTI1_IRQHandler
                0x0000000008000950       0x24 ./Core/Src/main.o
                0x0000000008000950                EXTI1_IRQHandler
 .text.EXTI2_IRQHandler
                0x0000000008000974       0x24 ./Core/Src/main.o
                0x0000000008000974                EXTI2_IRQHandler
 .text.EXTI3_IRQHandler
                0x0000000008000998       0x24 ./Core/Src/main.o
                0x0000000008000998                EXTI3_IRQHandler
 .text.EXTI4_IRQHandler
                0x00000000080009bc       0x24 ./Core/Src/main.o
                0x00000000080009bc                EXTI4_IRQHandler
 .text.HAL_GPIO_EXTI_IRQHandler
                0x00000000080009e0       0x30 ./Core/Src/main.o
                0x00000000080009e0                HAL_GPIO_EXTI_IRQHandler
 .text.HAL_GPIO_EXTI_Callback
                0x0000000008000a10       0xcc ./Core/Src/main.o
                0x0000000008000a10                HAL_GPIO_EXTI_Callback
 .text.LED_task
                0x0000000008000adc      0x264 ./Core/Src/main.o
                0x0000000008000adc                LED_task
 .text.HAL_TIM_PeriodElapsedCallback
                0x0000000008000d40       0x24 ./Core/Src/main.o
                0x0000000008000d40                HAL_TIM_PeriodElapsedCallback
 .text.Error_Handler
                0x0000000008000d64        0xa ./Core/Src/main.o
                0x0000000008000d64                Error_Handler
 *fill*         0x0000000008000d6e        0x2 
 .text.HAL_MspInit
                0x0000000008000d70       0x50 ./Core/Src/stm32f4xx_hal_msp.o
                0x0000000008000d70                HAL_MspInit
 .text.HAL_UART_MspInit
                0x0000000008000dc0       0x90 ./Core/Src/stm32f4xx_hal_msp.o
                0x0000000008000dc0                HAL_UART_MspInit
 .text.HAL_InitTick
                0x0000000008000e50       0xf8 ./Core/Src/stm32f4xx_hal_timebase_tim.o
                0x0000000008000e50                HAL_InitTick
 .text.NMI_Handler
                0x0000000008000f48        0x6 ./Core/Src/stm32f4xx_it.o
                0x0000000008000f48                NMI_Handler
 .text.HardFault_Handler
                0x0000000008000f4e        0x6 ./Core/Src/stm32f4xx_it.o
                0x0000000008000f4e                HardFault_Handler
 .text.MemManage_Handler
                0x0000000008000f54        0x6 ./Core/Src/stm32f4xx_it.o
                0x0000000008000f54                MemManage_Handler
 .text.BusFault_Handler
                0x0000000008000f5a        0x6 ./Core/Src/stm32f4xx_it.o
                0x0000000008000f5a                BusFault_Handler
 .text.UsageFault_Handler
                0x0000000008000f60        0x6 ./Core/Src/stm32f4xx_it.o
                0x0000000008000f60                UsageFault_Handler
 .text.DebugMon_Handler
                0x0000000008000f66        0xe ./Core/Src/stm32f4xx_it.o
                0x0000000008000f66                DebugMon_Handler
 .text.TIM7_IRQHandler
                0x0000000008000f74       0x14 ./Core/Src/stm32f4xx_it.o
                0x0000000008000f74                TIM7_IRQHandler
 .text.SystemInit
                0x0000000008000f88       0x24 ./Core/Src/system_stm32f4xx.o
                0x0000000008000f88                SystemInit
 .text.Reset_Handler
                0x0000000008000fac       0x50 ./Core/Startup/startup_stm32f407vgtx.o
                0x0000000008000fac                Reset_Handler
 .text.Default_Handler
                0x0000000008000ffc        0x2 ./Core/Startup/startup_stm32f407vgtx.o
                0x0000000008000ffc                RTC_Alarm_IRQHandler
                0x0000000008000ffc                HASH_RNG_IRQHandler
                0x0000000008000ffc                TIM8_CC_IRQHandler
                0x0000000008000ffc                TIM1_CC_IRQHandler
                0x0000000008000ffc                DMA2_Stream5_IRQHandler
                0x0000000008000ffc                DMA1_Stream5_IRQHandler
                0x0000000008000ffc                PVD_IRQHandler
                0x0000000008000ffc                SDIO_IRQHandler
                0x0000000008000ffc                TAMP_STAMP_IRQHandler
                0x0000000008000ffc                CAN2_RX1_IRQHandler
                0x0000000008000ffc                TIM8_TRG_COM_TIM14_IRQHandler
                0x0000000008000ffc                TIM1_UP_TIM10_IRQHandler
                0x0000000008000ffc                TIM8_UP_TIM13_IRQHandler
                0x0000000008000ffc                I2C3_ER_IRQHandler
                0x0000000008000ffc                I2C2_EV_IRQHandler
                0x0000000008000ffc                DMA1_Stream2_IRQHandler
                0x0000000008000ffc                CAN1_RX0_IRQHandler
                0x0000000008000ffc                FPU_IRQHandler
                0x0000000008000ffc                OTG_HS_WKUP_IRQHandler
                0x0000000008000ffc                CAN2_SCE_IRQHandler
                0x0000000008000ffc                DMA2_Stream2_IRQHandler
                0x0000000008000ffc                SPI1_IRQHandler
                0x0000000008000ffc                TIM6_DAC_IRQHandler
                0x0000000008000ffc                TIM1_BRK_TIM9_IRQHandler
                0x0000000008000ffc                DCMI_IRQHandler
                0x0000000008000ffc                CAN2_RX0_IRQHandler
                0x0000000008000ffc                DMA2_Stream3_IRQHandler
                0x0000000008000ffc                USART6_IRQHandler
                0x0000000008000ffc                USART3_IRQHandler
                0x0000000008000ffc                CAN1_RX1_IRQHandler
                0x0000000008000ffc                UART5_IRQHandler
                0x0000000008000ffc                DMA2_Stream0_IRQHandler
                0x0000000008000ffc                TIM4_IRQHandler
                0x0000000008000ffc                I2C1_EV_IRQHandler
                0x0000000008000ffc                DMA1_Stream6_IRQHandler
                0x0000000008000ffc                DMA1_Stream1_IRQHandler
                0x0000000008000ffc                UART4_IRQHandler
                0x0000000008000ffc                TIM3_IRQHandler
                0x0000000008000ffc                RCC_IRQHandler
                0x0000000008000ffc                TIM8_BRK_TIM12_IRQHandler
                0x0000000008000ffc                Default_Handler
                0x0000000008000ffc                EXTI15_10_IRQHandler
                0x0000000008000ffc                ADC_IRQHandler
                0x0000000008000ffc                DMA1_Stream7_IRQHandler
                0x0000000008000ffc                CAN2_TX_IRQHandler
                0x0000000008000ffc                TIM5_IRQHandler
                0x0000000008000ffc                DMA2_Stream7_IRQHandler
                0x0000000008000ffc                I2C3_EV_IRQHandler
                0x0000000008000ffc                EXTI9_5_IRQHandler
                0x0000000008000ffc                RTC_WKUP_IRQHandler
                0x0000000008000ffc                ETH_WKUP_IRQHandler
                0x0000000008000ffc                SPI2_IRQHandler
                0x0000000008000ffc                OTG_HS_EP1_IN_IRQHandler
                0x0000000008000ffc                DMA1_Stream0_IRQHandler
                0x0000000008000ffc                CAN1_TX_IRQHandler
                0x0000000008000ffc                FSMC_IRQHandler
                0x0000000008000ffc                ETH_IRQHandler
                0x0000000008000ffc                OTG_HS_EP1_OUT_IRQHandler
                0x0000000008000ffc                WWDG_IRQHandler
                0x0000000008000ffc                TIM2_IRQHandler
                0x0000000008000ffc                OTG_FS_WKUP_IRQHandler
                0x0000000008000ffc                TIM1_TRG_COM_TIM11_IRQHandler
                0x0000000008000ffc                OTG_HS_IRQHandler
                0x0000000008000ffc                USART2_IRQHandler
                0x0000000008000ffc                I2C2_ER_IRQHandler
                0x0000000008000ffc                DMA2_Stream1_IRQHandler
                0x0000000008000ffc                CAN1_SCE_IRQHandler
                0x0000000008000ffc                FLASH_IRQHandler
                0x0000000008000ffc                DMA2_Stream4_IRQHandler
                0x0000000008000ffc                USART1_IRQHandler
                0x0000000008000ffc                OTG_FS_IRQHandler
                0x0000000008000ffc                SPI3_IRQHandler
                0x0000000008000ffc                DMA1_Stream4_IRQHandler
                0x0000000008000ffc                I2C1_ER_IRQHandler
                0x0000000008000ffc                DMA2_Stream6_IRQHandler
                0x0000000008000ffc                DMA1_Stream3_IRQHandler
 *fill*         0x0000000008000ffe        0x2 
 .text.HAL_Init
                0x0000000008001000       0x44 ./Drivers/STM32F4xx_HAL_Driver/Src/stm32f4xx_hal.o
                0x0000000008001000                HAL_Init
 .text.HAL_IncTick
                0x0000000008001044       0x28 ./Drivers/STM32F4xx_HAL_Driver/Src/stm32f4xx_hal.o
                0x0000000008001044                HAL_IncTick
 .text.HAL_GetTick
                0x000000000800106c       0x18 ./Drivers/STM32F4xx_HAL_Driver/Src/stm32f4xx_hal.o
                0x000000000800106c                HAL_GetTick
 .text.__NVIC_SetPriorityGrouping
                0x0000000008001084       0x48 ./Drivers/STM32F4xx_HAL_Driver/Src/stm32f4xx_hal_cortex.o
 .text.__NVIC_GetPriorityGrouping
                0x00000000080010cc       0x1c ./Drivers/STM32F4xx_HAL_Driver/Src/stm32f4xx_hal_cortex.o
 .text.__NVIC_EnableIRQ
                0x00000000080010e8       0x3c ./Drivers/STM32F4xx_HAL_Driver/Src/stm32f4xx_hal_cortex.o
 .text.__NVIC_SetPriority
                0x0000000008001124       0x54 ./Drivers/STM32F4xx_HAL_Driver/Src/stm32f4xx_hal_cortex.o
 .text.NVIC_EncodePriority
                0x0000000008001178       0x66 ./Drivers/STM32F4xx_HAL_Driver/Src/stm32f4xx_hal_cortex.o
 .text.HAL_NVIC_SetPriorityGrouping
                0x00000000080011de       0x16 ./Drivers/STM32F4xx_HAL_Driver/Src/stm32f4xx_hal_cortex.o
                0x00000000080011de                HAL_NVIC_SetPriorityGrouping
 .text.HAL_NVIC_SetPriority
                0x00000000080011f4       0x38 ./Drivers/STM32F4xx_HAL_Driver/Src/stm32f4xx_hal_cortex.o
                0x00000000080011f4                HAL_NVIC_SetPriority
 .text.HAL_NVIC_EnableIRQ
                0x000000000800122c       0x1c ./Drivers/STM32F4xx_HAL_Driver/Src/stm32f4xx_hal_cortex.o
                0x000000000800122c                HAL_NVIC_EnableIRQ
 .text.HAL_GPIO_Init
                0x0000000008001248      0x338 ./Drivers/STM32F4xx_HAL_Driver/Src/stm32f4xx_hal_gpio.o
                0x0000000008001248                HAL_GPIO_Init
 .text.HAL_GPIO_WritePin
                0x0000000008001580       0x32 ./Drivers/STM32F4xx_HAL_Driver/Src/stm32f4xx_hal_gpio.o
                0x0000000008001580                HAL_GPIO_WritePin
 *fill*         0x00000000080015b2        0x2 
 .text.HAL_RCC_OscConfig
                0x00000000080015b4      0x4f0 ./Drivers/STM32F4xx_HAL_Driver/Src/stm32f4xx_hal_rcc.o
                0x00000000080015b4                HAL_RCC_OscConfig
 .text.HAL_RCC_ClockConfig
                0x0000000008001aa4      0x1cc ./Drivers/STM32F4xx_HAL_Driver/Src/stm32f4xx_hal_rcc.o
                0x0000000008001aa4                HAL_RCC_ClockConfig
 .text.HAL_RCC_GetSysClockFreq
                0x0000000008001c70      0x20c ./Drivers/STM32F4xx_HAL_Driver/Src/stm32f4xx_hal_rcc.o
                0x0000000008001c70                HAL_RCC_GetSysClockFreq
 .text.HAL_RCC_GetHCLKFreq
                0x0000000008001e7c       0x18 ./Drivers/STM32F4xx_HAL_Driver/Src/stm32f4xx_hal_rcc.o
                0x0000000008001e7c                HAL_RCC_GetHCLKFreq
 .text.HAL_RCC_GetPCLK1Freq
                0x0000000008001e94       0x28 ./Drivers/STM32F4xx_HAL_Driver/Src/stm32f4xx_hal_rcc.o
                0x0000000008001e94                HAL_RCC_GetPCLK1Freq
 .text.HAL_RCC_GetPCLK2Freq
                0x0000000008001ebc       0x28 ./Drivers/STM32F4xx_HAL_Driver/Src/stm32f4xx_hal_rcc.o
                0x0000000008001ebc                HAL_RCC_GetPCLK2Freq
 .text.HAL_RCC_GetClockConfig
                0x0000000008001ee4       0x64 ./Drivers/STM32F4xx_HAL_Driver/Src/stm32f4xx_hal_rcc.o
                0x0000000008001ee4                HAL_RCC_GetClockConfig
 .text.HAL_TIM_Base_Init
                0x0000000008001f48       0x9e ./Drivers/STM32F4xx_HAL_Driver/Src/stm32f4xx_hal_tim.o
                0x0000000008001f48                HAL_TIM_Base_Init
 .text.HAL_TIM_Base_MspInit
                0x0000000008001fe6       0x14 ./Drivers/STM32F4xx_HAL_Driver/Src/stm32f4xx_hal_tim.o
                0x0000000008001fe6                HAL_TIM_Base_MspInit
 *fill*         0x0000000008001ffa        0x2 
 .text.HAL_TIM_Base_Start_IT
                0x0000000008001ffc       0xe0 ./Drivers/STM32F4xx_HAL_Driver/Src/stm32f4xx_hal_tim.o
                0x0000000008001ffc                HAL_TIM_Base_Start_IT
 .text.HAL_TIM_IRQHandler
                0x00000000080020dc      0x210 ./Drivers/STM32F4xx_HAL_Driver/Src/stm32f4xx_hal_tim.o
                0x00000000080020dc                HAL_TIM_IRQHandler
 .text.HAL_TIM_OC_DelayElapsedCallback
                0x00000000080022ec       0x14 ./Drivers/STM32F4xx_HAL_Driver/Src/stm32f4xx_hal_tim.o
                0x00000000080022ec                HAL_TIM_OC_DelayElapsedCallback
 .text.HAL_TIM_IC_CaptureCallback
                0x0000000008002300       0x14 ./Drivers/STM32F4xx_HAL_Driver/Src/stm32f4xx_hal_tim.o
                0x0000000008002300                HAL_TIM_IC_CaptureCallback
 .text.HAL_TIM_PWM_PulseFinishedCallback
                0x0000000008002314       0x14 ./Drivers/STM32F4xx_HAL_Driver/Src/stm32f4xx_hal_tim.o
                0x0000000008002314                HAL_TIM_PWM_PulseFinishedCallback
 .text.HAL_TIM_TriggerCallback
                0x0000000008002328       0x14 ./Drivers/STM32F4xx_HAL_Driver/Src/stm32f4xx_hal_tim.o
                0x0000000008002328                HAL_TIM_TriggerCallback
 .text.TIM_Base_SetConfig
                0x000000000800233c      0x140 ./Drivers/STM32F4xx_HAL_Driver/Src/stm32f4xx_hal_tim.o
                0x000000000800233c                TIM_Base_SetConfig
 .text.HAL_TIMEx_CommutCallback
                0x000000000800247c       0x14 ./Drivers/STM32F4xx_HAL_Driver/Src/stm32f4xx_hal_tim_ex.o
                0x000000000800247c                HAL_TIMEx_CommutCallback
 .text.HAL_TIMEx_BreakCallback
                0x0000000008002490       0x14 ./Drivers/STM32F4xx_HAL_Driver/Src/stm32f4xx_hal_tim_ex.o
                0x0000000008002490                HAL_TIMEx_BreakCallback
 .text.HAL_UART_Init
                0x00000000080024a4       0x9a ./Drivers/STM32F4xx_HAL_Driver/Src/stm32f4xx_hal_uart.o
                0x00000000080024a4                HAL_UART_Init
 *fill*         0x000000000800253e        0x2 
 .text.UART_SetConfig
                0x0000000008002540      0x4e8 ./Drivers/STM32F4xx_HAL_Driver/Src/stm32f4xx_hal_uart.o
 .text.vListInitialise
                0x0000000008002a28       0x40 ./FreeRTOS/list.o
                0x0000000008002a28                vListInitialise
 .text.vListInitialiseItem
                0x0000000008002a68       0x1a ./FreeRTOS/list.o
                0x0000000008002a68                vListInitialiseItem
 .text.vListInsertEnd
                0x0000000008002a82       0x48 ./FreeRTOS/list.o
                0x0000000008002a82                vListInsertEnd
 .text.vListInsert
                0x0000000008002aca       0x72 ./FreeRTOS/list.o
                0x0000000008002aca                vListInsert
 .text.uxListRemove
                0x0000000008002b3c       0x54 ./FreeRTOS/list.o
                0x0000000008002b3c                uxListRemove
 .text.xQueueGenericReset
                0x0000000008002b90       0xd0 ./FreeRTOS/queue.o
                0x0000000008002b90                xQueueGenericReset
 .text.xQueueGenericCreate
                0x0000000008002c60       0x78 ./FreeRTOS/queue.o
                0x0000000008002c60                xQueueGenericCreate
 .text.prvInitialiseNewQueue
                0x0000000008002cd8       0x46 ./FreeRTOS/queue.o
 *fill*         0x0000000008002d1e        0x2 
 .text.xQueueGenericSend
                0x0000000008002d20      0x1fc ./FreeRTOS/queue.o
                0x0000000008002d20                xQueueGenericSend
 .text.xQueueGenericSendFromISR
                0x0000000008002f1c      0x130 ./FreeRTOS/queue.o
                0x0000000008002f1c                xQueueGenericSendFromISR
 .text.xQueueGiveFromISR
                0x000000000800304c      0x11a ./FreeRTOS/queue.o
                0x000000000800304c                xQueueGiveFromISR
 *fill*         0x0000000008003166        0x2 
 .text.xQueueReceive
                0x0000000008003168      0x1c0 ./FreeRTOS/queue.o
                0x0000000008003168                xQueueReceive
 .text.xQueueSemaphoreTake
                0x0000000008003328      0x218 ./FreeRTOS/queue.o
                0x0000000008003328                xQueueSemaphoreTake
 .text.prvGetDisinheritPriorityAfterTimeout
                0x0000000008003540       0x30 ./FreeRTOS/queue.o
 .text.prvCopyDataToQueue
                0x0000000008003570       0xd4 ./FreeRTOS/queue.o
 .text.prvCopyDataFromQueue
                0x0000000008003644       0x4c ./FreeRTOS/queue.o
 .text.prvUnlockQueue
                0x0000000008003690       0xa4 ./FreeRTOS/queue.o
 .text.prvIsQueueEmpty
                0x0000000008003734       0x2c ./FreeRTOS/queue.o
 .text.prvIsQueueFull
                0x0000000008003760       0x30 ./FreeRTOS/queue.o
 .text.vQueueAddToRegistry
                0x0000000008003790       0x54 ./FreeRTOS/queue.o
                0x0000000008003790                vQueueAddToRegistry
 .text.vQueueWaitForMessageRestricted
                0x00000000080037e4       0x68 ./FreeRTOS/queue.o
                0x00000000080037e4                vQueueWaitForMessageRestricted
 .text.xTaskCreate
                0x000000000800384c       0x82 ./FreeRTOS/tasks.o
                0x000000000800384c                xTaskCreate
 .text.prvInitialiseNewTask
                0x00000000080038ce      0x11e ./FreeRTOS/tasks.o
 .text.prvAddNewTaskToReadyList
                0x00000000080039ec       0xdc ./FreeRTOS/tasks.o
 .text.vTaskDelay
                0x0000000008003ac8       0x68 ./FreeRTOS/tasks.o
                0x0000000008003ac8                vTaskDelay
 .text.vTaskStartScheduler
                0x0000000008003b30       0x9c ./FreeRTOS/tasks.o
                0x0000000008003b30                vTaskStartScheduler
 .text.vTaskSuspendAll
                0x0000000008003bcc       0x1c ./FreeRTOS/tasks.o
                0x0000000008003bcc                vTaskSuspendAll
 .text.xTaskResumeAll
                0x0000000008003be8      0x138 ./FreeRTOS/tasks.o
                0x0000000008003be8                xTaskResumeAll
 .text.xTaskGetTickCount
                0x0000000008003d20       0x20 ./FreeRTOS/tasks.o
                0x0000000008003d20                xTaskGetTickCount
 .text.xTaskIncrementTick
                0x0000000008003d40      0x170 ./FreeRTOS/tasks.o
                0x0000000008003d40                xTaskIncrementTick
 .text.vTaskSwitchContext
                0x0000000008003eb0       0xb8 ./FreeRTOS/tasks.o
                0x0000000008003eb0                vTaskSwitchContext
 .text.vTaskPlaceOnEventList
                0x0000000008003f68       0x48 ./FreeRTOS/tasks.o
                0x0000000008003f68                vTaskPlaceOnEventList
 .text.vTaskPlaceOnEventListRestricted
                0x0000000008003fb0       0x58 ./FreeRTOS/tasks.o
                0x0000000008003fb0                vTaskPlaceOnEventListRestricted
 .text.xTaskRemoveFromEventList
                0x0000000008004008       0xc4 ./FreeRTOS/tasks.o
                0x0000000008004008                xTaskRemoveFromEventList
 .text.vTaskInternalSetTimeOutState
                0x00000000080040cc       0x2c ./FreeRTOS/tasks.o
                0x00000000080040cc                vTaskInternalSetTimeOutState
 .text.xTaskCheckForTimeOut
                0x00000000080040f8       0xc4 ./FreeRTOS/tasks.o
                0x00000000080040f8                xTaskCheckForTimeOut
 .text.vTaskMissedYield
                0x00000000080041bc       0x18 ./FreeRTOS/tasks.o
                0x00000000080041bc                vTaskMissedYield
 .text.prvIdleTask
                0x00000000080041d4       0x30 ./FreeRTOS/tasks.o
 .text.prvInitialiseTaskLists
                0x0000000008004204       0x80 ./FreeRTOS/tasks.o
 .text.prvCheckTasksWaitingTermination
                0x0000000008004284       0x5c ./FreeRTOS/tasks.o
 .text.prvDeleteTCB
                0x00000000080042e0       0x20 ./FreeRTOS/tasks.o
 .text.prvResetNextTaskUnblockTime
                0x0000000008004300       0x40 ./FreeRTOS/tasks.o
 .text.xTaskGetSchedulerState
                0x0000000008004340       0x3c ./FreeRTOS/tasks.o
                0x0000000008004340                xTaskGetSchedulerState
 .text.xTaskPriorityInherit
                0x000000000800437c      0x100 ./FreeRTOS/tasks.o
                0x000000000800437c                xTaskPriorityInherit
 .text.xTaskPriorityDisinherit
                0x000000000800447c      0x10c ./FreeRTOS/tasks.o
                0x000000000800447c                xTaskPriorityDisinherit
 .text.vTaskPriorityDisinheritAfterTimeout
                0x0000000008004588      0x134 ./FreeRTOS/tasks.o
                0x0000000008004588                vTaskPriorityDisinheritAfterTimeout
 .text.pvTaskIncrementMutexHeldCount
                0x00000000080046bc       0x28 ./FreeRTOS/tasks.o
                0x00000000080046bc                pvTaskIncrementMutexHeldCount
 .text.prvAddCurrentTaskToDelayedList
                0x00000000080046e4       0xcc ./FreeRTOS/tasks.o
 .text.xTimerCreateTimerTask
                0x00000000080047b0       0x64 ./FreeRTOS/timers.o
                0x00000000080047b0                xTimerCreateTimerTask
 .text.xTimerGenericCommand
                0x0000000008004814       0x9c ./FreeRTOS/timers.o
                0x0000000008004814                xTimerGenericCommand
 .text.prvProcessExpiredTimer
                0x00000000080048b0       0x98 ./FreeRTOS/timers.o
 .text.prvTimerTask
                0x0000000008004948       0x24 ./FreeRTOS/timers.o
 .text.prvProcessTimerOrBlockTask
                0x000000000800496c       0x9c ./FreeRTOS/timers.o
 .text.prvGetNextExpireTime
                0x0000000008004a08       0x48 ./FreeRTOS/timers.o
 .text.prvSampleTimeNow
                0x0000000008004a50       0x40 ./FreeRTOS/timers.o
 .text.prvInsertTimerInActiveList
                0x0000000008004a90       0x84 ./FreeRTOS/timers.o
 .text.prvProcessReceivedCommands
                0x0000000008004b14      0x18c ./FreeRTOS/timers.o
 .text.prvSwitchTimerLists
                0x0000000008004ca0       0xc8 ./FreeRTOS/timers.o
 .text.prvCheckForValidListAndQueue
                0x0000000008004d68       0x6c ./FreeRTOS/timers.o
 .text.pxPortInitialiseStack
                0x0000000008004dd4       0x68 ./FreeRTOS/portable/ARM_CM4F/port.o
                0x0000000008004dd4                pxPortInitialiseStack
 .text.prvTaskExitError
                0x0000000008004e3c       0x58 ./FreeRTOS/portable/ARM_CM4F/port.o
 *fill*         0x0000000008004e94        0xc 
 .text.SVC_Handler
                0x0000000008004ea0       0x28 ./FreeRTOS/portable/ARM_CM4F/port.o
                0x0000000008004ea0                SVC_Handler
 .text.prvPortStartFirstTask
                0x0000000008004ec8       0x28 ./FreeRTOS/portable/ARM_CM4F/port.o
 .text.xPortStartScheduler
                0x0000000008004ef0      0x144 ./FreeRTOS/portable/ARM_CM4F/port.o
                0x0000000008004ef0                xPortStartScheduler
 .text.vPortEnterCritical
                0x0000000008005034       0x60 ./FreeRTOS/portable/ARM_CM4F/port.o
                0x0000000008005034                vPortEnterCritical
 .text.vPortExitCritical
                0x0000000008005094       0x54 ./FreeRTOS/portable/ARM_CM4F/port.o
                0x0000000008005094                vPortExitCritical
 *fill*         0x00000000080050e8        0x8 
 .text.PendSV_Handler
                0x00000000080050f0       0x68 ./FreeRTOS/portable/ARM_CM4F/port.o
                0x00000000080050f0                PendSV_Handler
 .text.SysTick_Handler
                0x0000000008005158       0x44 ./FreeRTOS/portable/ARM_CM4F/port.o
                0x0000000008005158                SysTick_Handler
 .text.vPortSetupTimerInterrupt
                0x000000000800519c       0x48 ./FreeRTOS/portable/ARM_CM4F/port.o
                0x000000000800519c                vPortSetupTimerInterrupt
 .text.vPortEnableVFP
                0x00000000080051e4       0x14 ./FreeRTOS/portable/ARM_CM4F/port.o
 .text.vPortValidateInterruptPriority
                0x00000000080051f8       0x80 ./FreeRTOS/portable/ARM_CM4F/port.o
                0x00000000080051f8                vPortValidateInterruptPriority
 .text.pvPortMalloc
                0x0000000008005278      0x194 ./FreeRTOS/portable/MemMang/heap_4.o
                0x0000000008005278                pvPortMalloc
 .text.vPortFree
                0x000000000800540c       0xb4 ./FreeRTOS/portable/MemMang/heap_4.o
                0x000000000800540c                vPortFree
 .text.prvHeapInit
                0x00000000080054c0       0xc4 ./FreeRTOS/portable/MemMang/heap_4.o
 .text.prvInsertBlockIntoFreeList
                0x0000000008005584       0xb4 ./FreeRTOS/portable/MemMang/heap_4.o
 .text.__libc_init_array
                0x0000000008005638       0x48 c:/st/stm32cubeide_1.11.0/stm32cubeide/plugins/com.st.stm32cube.ide.mcu.externaltools.gnu-tools-for-stm32.10.3-2021.10.win32_1.0.100.202210260954/tools/bin/../lib/gcc/arm-none-eabi/10.3.1/../../../../arm-none-eabi/lib/thumb/v7e-m+fp/hard\libc_nano.a(lib_a-init.o)
                0x0000000008005638                __libc_init_array
 .text.memcpy   0x0000000008005680       0x1c c:/st/stm32cubeide_1.11.0/stm32cubeide/plugins/com.st.stm32cube.ide.mcu.externaltools.gnu-tools-for-stm32.10.3-2021.10.win32_1.0.100.202210260954/tools/bin/../lib/gcc/arm-none-eabi/10.3.1/../../../../arm-none-eabi/lib/thumb/v7e-m+fp/hard\libc_nano.a(lib_a-memcpy-stub.o)
                0x0000000008005680                memcpy
 .text.memset   0x000000000800569c       0x10 c:/st/stm32cubeide_1.11.0/stm32cubeide/plugins/com.st.stm32cube.ide.mcu.externaltools.gnu-tools-for-stm32.10.3-2021.10.win32_1.0.100.202210260954/tools/bin/../lib/gcc/arm-none-eabi/10.3.1/../../../../arm-none-eabi/lib/thumb/v7e-m+fp/hard\libc_nano.a(lib_a-memset.o)
                0x000000000800569c                memset
 *(.glue_7)
 .glue_7        0x00000000080056ac        0x0 linker stubs
 *(.glue_7t)
 .glue_7t       0x00000000080056ac        0x0 linker stubs
 *(.eh_frame)
 .eh_frame      0x00000000080056ac        0x0 c:/st/stm32cubeide_1.11.0/stm32cubeide/plugins/com.st.stm32cube.ide.mcu.externaltools.gnu-tools-for-stm32.10.3-2021.10.win32_1.0.100.202210260954/tools/bin/../lib/gcc/arm-none-eabi/10.3.1/thumb/v7e-m+fp/hard/crtbegin.o
 *(.init)
 .init          0x00000000080056ac        0x4 c:/st/stm32cubeide_1.11.0/stm32cubeide/plugins/com.st.stm32cube.ide.mcu.externaltools.gnu-tools-for-stm32.10.3-2021.10.win32_1.0.100.202210260954/tools/bin/../lib/gcc/arm-none-eabi/10.3.1/thumb/v7e-m+fp/hard/crti.o
                0x00000000080056ac                _init
 .init          0x00000000080056b0        0x8 c:/st/stm32cubeide_1.11.0/stm32cubeide/plugins/com.st.stm32cube.ide.mcu.externaltools.gnu-tools-for-stm32.10.3-2021.10.win32_1.0.100.202210260954/tools/bin/../lib/gcc/arm-none-eabi/10.3.1/thumb/v7e-m+fp/hard/crtn.o
 *(.fini)
 .fini          0x00000000080056b8        0x4 c:/st/stm32cubeide_1.11.0/stm32cubeide/plugins/com.st.stm32cube.ide.mcu.externaltools.gnu-tools-for-stm32.10.3-2021.10.win32_1.0.100.202210260954/tools/bin/../lib/gcc/arm-none-eabi/10.3.1/thumb/v7e-m+fp/hard/crti.o
                0x00000000080056b8                _fini
 .fini          0x00000000080056bc        0x8 c:/st/stm32cubeide_1.11.0/stm32cubeide/plugins/com.st.stm32cube.ide.mcu.externaltools.gnu-tools-for-stm32.10.3-2021.10.win32_1.0.100.202210260954/tools/bin/../lib/gcc/arm-none-eabi/10.3.1/thumb/v7e-m+fp/hard/crtn.o
                0x00000000080056c4                . = ALIGN (0x4)
                0x00000000080056c4                _etext = .

.vfp11_veneer   0x00000000080056c4        0x0
 .vfp11_veneer  0x00000000080056c4        0x0 linker stubs

.v4_bx          0x00000000080056c4        0x0
 .v4_bx         0x00000000080056c4        0x0 linker stubs

.iplt           0x00000000080056c4        0x0
 .iplt          0x00000000080056c4        0x0 c:/st/stm32cubeide_1.11.0/stm32cubeide/plugins/com.st.stm32cube.ide.mcu.externaltools.gnu-tools-for-stm32.10.3-2021.10.win32_1.0.100.202210260954/tools/bin/../lib/gcc/arm-none-eabi/10.3.1/thumb/v7e-m+fp/hard/crtbegin.o

.rodata         0x00000000080056c4       0x54
                0x00000000080056c4                . = ALIGN (0x4)
 *(.rodata)
 .rodata        0x00000000080056c4       0x21 ./Core/Src/main.o
 *fill*         0x00000000080056e5        0x3 
 .rodata        0x00000000080056e8        0x5 ./FreeRTOS/tasks.o
 *fill*         0x00000000080056ed        0x3 
 .rodata        0x00000000080056f0        0xd ./FreeRTOS/timers.o
 *(.rodata*)
 *fill*         0x00000000080056fd        0x3 
 .rodata.AHBPrescTable
                0x0000000008005700       0x10 ./Core/Src/system_stm32f4xx.o
                0x0000000008005700                AHBPrescTable
 .rodata.APBPrescTable
                0x0000000008005710        0x8 ./Core/Src/system_stm32f4xx.o
                0x0000000008005710                APBPrescTable
                0x0000000008005718                . = ALIGN (0x4)

.ARM.extab      0x0000000008005718        0x0
                0x0000000008005718                . = ALIGN (0x4)
 *(.ARM.extab* .gnu.linkonce.armextab.*)
                0x0000000008005718                . = ALIGN (0x4)

.ARM            0x0000000008005718        0x8
                0x0000000008005718                . = ALIGN (0x4)
                0x0000000008005718                __exidx_start = .
 *(.ARM.exidx*)
 .ARM.exidx     0x0000000008005718        0x8 c:/st/stm32cubeide_1.11.0/stm32cubeide/plugins/com.st.stm32cube.ide.mcu.externaltools.gnu-tools-for-stm32.10.3-2021.10.win32_1.0.100.202210260954/tools/bin/../lib/gcc/arm-none-eabi/10.3.1/thumb/v7e-m+fp/hard\libgcc.a(_udivmoddi4.o)
                0x0000000008005720                __exidx_end = .
                0x0000000008005720                . = ALIGN (0x4)

.rel.dyn        0x0000000008005720        0x0
 .rel.iplt      0x0000000008005720        0x0 c:/st/stm32cubeide_1.11.0/stm32cubeide/plugins/com.st.stm32cube.ide.mcu.externaltools.gnu-tools-for-stm32.10.3-2021.10.win32_1.0.100.202210260954/tools/bin/../lib/gcc/arm-none-eabi/10.3.1/thumb/v7e-m+fp/hard/crtbegin.o

.preinit_array  0x0000000008005720        0x0
                0x0000000008005720                . = ALIGN (0x4)
                0x0000000008005720                PROVIDE (__preinit_array_start = .)
 *(.preinit_array*)
                0x0000000008005720                PROVIDE (__preinit_array_end = .)
                0x0000000008005720                . = ALIGN (0x4)

.init_array     0x0000000008005720        0x4
                0x0000000008005720                . = ALIGN (0x4)
                0x0000000008005720                PROVIDE (__init_array_start = .)
 *(SORT_BY_NAME(.init_array.*))
 *(.init_array*)
 .init_array    0x0000000008005720        0x4 c:/st/stm32cubeide_1.11.0/stm32cubeide/plugins/com.st.stm32cube.ide.mcu.externaltools.gnu-tools-for-stm32.10.3-2021.10.win32_1.0.100.202210260954/tools/bin/../lib/gcc/arm-none-eabi/10.3.1/thumb/v7e-m+fp/hard/crtbegin.o
                0x0000000008005724                PROVIDE (__init_array_end = .)
                0x0000000008005724                . = ALIGN (0x4)

.fini_array     0x0000000008005724        0x4
                0x0000000008005724                . = ALIGN (0x4)
                [!provide]                        PROVIDE (__fini_array_start = .)
 *(SORT_BY_NAME(.fini_array.*))
 *(.fini_array*)
 .fini_array    0x0000000008005724        0x4 c:/st/stm32cubeide_1.11.0/stm32cubeide/plugins/com.st.stm32cube.ide.mcu.externaltools.gnu-tools-for-stm32.10.3-2021.10.win32_1.0.100.202210260954/tools/bin/../lib/gcc/arm-none-eabi/10.3.1/thumb/v7e-m+fp/hard/crtbegin.o
                [!provide]                        PROVIDE (__fini_array_end = .)
                0x0000000008005728                . = ALIGN (0x4)
                0x0000000008005728                _sidata = LOADADDR (.data)

.data           0x0000000020000000       0x18 load address 0x0000000008005728
                0x0000000020000000                . = ALIGN (0x4)
                0x0000000020000000                _sdata = .
 *(.data)
 *(.data*)
 .data.counter_bed
                0x0000000020000000        0x4 ./Core/Src/main.o
                0x0000000020000000                counter_bed
 .data.counter_living
                0x0000000020000004        0x4 ./Core/Src/main.o
                0x0000000020000004                counter_living
 .data.SystemCoreClock
                0x0000000020000008        0x4 ./Core/Src/system_stm32f4xx.o
                0x0000000020000008                SystemCoreClock
 .data.uwTickPrio
                0x000000002000000c        0x4 ./Drivers/STM32F4xx_HAL_Driver/Src/stm32f4xx_hal.o
                0x000000002000000c                uwTickPrio
 .data.uwTickFreq
                0x0000000020000010        0x1 ./Drivers/STM32F4xx_HAL_Driver/Src/stm32f4xx_hal.o
                0x0000000020000010                uwTickFreq
 *fill*         0x0000000020000011        0x3 
 .data.uxCriticalNesting
                0x0000000020000014        0x4 ./FreeRTOS/portable/ARM_CM4F/port.o
 *(.RamFunc)
 *(.RamFunc*)
                0x0000000020000018                . = ALIGN (0x4)
                0x0000000020000018                _edata = .
                0x0000000008005740                _siccmram = LOADADDR (.ccmram)

.igot.plt       0x0000000020000018        0x0 load address 0x0000000008005740
 .igot.plt      0x0000000020000018        0x0 c:/st/stm32cubeide_1.11.0/stm32cubeide/plugins/com.st.stm32cube.ide.mcu.externaltools.gnu-tools-for-stm32.10.3-2021.10.win32_1.0.100.202210260954/tools/bin/../lib/gcc/arm-none-eabi/10.3.1/thumb/v7e-m+fp/hard/crtbegin.o

.ccmram         0x0000000010000000        0x0 load address 0x0000000008005740
                0x0000000010000000                . = ALIGN (0x4)
                0x0000000010000000                _sccmram = .
 *(.ccmram)
 *(.ccmram*)
                0x0000000010000000                . = ALIGN (0x4)
                0x0000000010000000                _eccmram = .
                0x0000000010000000                . = ALIGN (0x4)

.bss            0x0000000020000018    0x12e90
                0x0000000020000018                _sbss = .
                0x0000000020000018                __bss_start__ = _sbss
 *(.bss)
 .bss           0x0000000020000018       0x1c c:/st/stm32cubeide_1.11.0/stm32cubeide/plugins/com.st.stm32cube.ide.mcu.externaltools.gnu-tools-for-stm32.10.3-2021.10.win32_1.0.100.202210260954/tools/bin/../lib/gcc/arm-none-eabi/10.3.1/thumb/v7e-m+fp/hard/crtbegin.o
 *(.bss*)
 .bss.huart2    0x0000000020000034       0x44 ./Core/Src/main.o
                0x0000000020000034                huart2
 .bss.xHandle   0x0000000020000078        0x4 ./Core/Src/main.o
                0x0000000020000078                xHandle
 .bss.bedroom_out
                0x000000002000007c        0x4 ./Core/Src/main.o
                0x000000002000007c                bedroom_out
 .bss.bedroom_in
                0x0000000020000080        0x4 ./Core/Src/main.o
                0x0000000020000080                bedroom_in
 .bss.livingroom_out
                0x0000000020000084        0x4 ./Core/Src/main.o
                0x0000000020000084                livingroom_out
 .bss.livingroom_in
                0x0000000020000088        0x4 ./Core/Src/main.o
                0x0000000020000088                livingroom_in
 .bss.number_of_people_livingroom
                0x000000002000008c        0x4 ./Core/Src/main.o
                0x000000002000008c                number_of_people_livingroom
 .bss.number_of_people_bedroom
                0x0000000020000090        0x4 ./Core/Src/main.o
                0x0000000020000090                number_of_people_bedroom
 .bss.bedroom_state
                0x0000000020000094       0x10 ./Core/Src/main.o
                0x0000000020000094                bedroom_state
 .bss.livingroom_state
                0x00000000200000a4       0x10 ./Core/Src/main.o
                0x00000000200000a4                livingroom_state
 .bss.bedroom_btn
                0x00000000200000b4        0x4 ./Core/Src/main.o
                0x00000000200000b4                bedroom_btn
 .bss.xSemaphore
                0x00000000200000b8        0x4 ./Core/Src/main.o
                0x00000000200000b8                xSemaphore
 .bss.htim7     0x00000000200000bc       0x48 ./Core/Src/stm32f4xx_hal_timebase_tim.o
                0x00000000200000bc                htim7
 .bss.uwTick    0x0000000020000104        0x4 ./Drivers/STM32F4xx_HAL_Driver/Src/stm32f4xx_hal.o
                0x0000000020000104                uwTick
 .bss.xQueueRegistry
                0x0000000020000108       0x40 ./FreeRTOS/queue.o
                0x0000000020000108                xQueueRegistry
 .bss.pxCurrentTCB
                0x0000000020000148        0x4 ./FreeRTOS/tasks.o
                0x0000000020000148                pxCurrentTCB
 .bss.pxReadyTasksLists
                0x000000002000014c       0x64 ./FreeRTOS/tasks.o
 .bss.xDelayedTaskList1
                0x00000000200001b0       0x14 ./FreeRTOS/tasks.o
 .bss.xDelayedTaskList2
                0x00000000200001c4       0x14 ./FreeRTOS/tasks.o
 .bss.pxDelayedTaskList
                0x00000000200001d8        0x4 ./FreeRTOS/tasks.o
 .bss.pxOverflowDelayedTaskList
                0x00000000200001dc        0x4 ./FreeRTOS/tasks.o
 .bss.xPendingReadyList
                0x00000000200001e0       0x14 ./FreeRTOS/tasks.o
 .bss.xTasksWaitingTermination
                0x00000000200001f4       0x14 ./FreeRTOS/tasks.o
 .bss.uxDeletedTasksWaitingCleanUp
                0x0000000020000208        0x4 ./FreeRTOS/tasks.o
 .bss.xSuspendedTaskList
                0x000000002000020c       0x14 ./FreeRTOS/tasks.o
 .bss.uxCurrentNumberOfTasks
                0x0000000020000220        0x4 ./FreeRTOS/tasks.o
 .bss.xTickCount
                0x0000000020000224        0x4 ./FreeRTOS/tasks.o
 .bss.uxTopReadyPriority
                0x0000000020000228        0x4 ./FreeRTOS/tasks.o
 .bss.xSchedulerRunning
                0x000000002000022c        0x4 ./FreeRTOS/tasks.o
 .bss.uxPendedTicks
                0x0000000020000230        0x4 ./FreeRTOS/tasks.o
 .bss.xYieldPending
                0x0000000020000234        0x4 ./FreeRTOS/tasks.o
 .bss.xNumOfOverflows
                0x0000000020000238        0x4 ./FreeRTOS/tasks.o
 .bss.uxTaskNumber
                0x000000002000023c        0x4 ./FreeRTOS/tasks.o
 .bss.xNextTaskUnblockTime
                0x0000000020000240        0x4 ./FreeRTOS/tasks.o
 .bss.xIdleTaskHandle
                0x0000000020000244        0x4 ./FreeRTOS/tasks.o
 .bss.uxSchedulerSuspended
                0x0000000020000248        0x4 ./FreeRTOS/tasks.o
 .bss.xActiveTimerList1
                0x000000002000024c       0x14 ./FreeRTOS/timers.o
 .bss.xActiveTimerList2
                0x0000000020000260       0x14 ./FreeRTOS/timers.o
 .bss.pxCurrentTimerList
                0x0000000020000274        0x4 ./FreeRTOS/timers.o
 .bss.pxOverflowTimerList
                0x0000000020000278        0x4 ./FreeRTOS/timers.o
 .bss.xTimerQueue
                0x000000002000027c        0x4 ./FreeRTOS/timers.o
 .bss.xTimerTaskHandle
                0x0000000020000280        0x4 ./FreeRTOS/timers.o
 .bss.xLastTime.0
                0x0000000020000284        0x4 ./FreeRTOS/timers.o
 .bss.ucMaxSysCallPriority
                0x0000000020000288        0x1 ./FreeRTOS/portable/ARM_CM4F/port.o
 *fill*         0x0000000020000289        0x3 
 .bss.ulMaxPRIGROUPValue
                0x000000002000028c        0x4 ./FreeRTOS/portable/ARM_CM4F/port.o
 .bss.ucHeap    0x0000000020000290    0x12c00 ./FreeRTOS/portable/MemMang/heap_4.o
 .bss.xStart    0x0000000020012e90        0x8 ./FreeRTOS/portable/MemMang/heap_4.o
 .bss.pxEnd     0x0000000020012e98        0x4 ./FreeRTOS/portable/MemMang/heap_4.o
 .bss.xFreeBytesRemaining
                0x0000000020012e9c        0x4 ./FreeRTOS/portable/MemMang/heap_4.o
 .bss.xMinimumEverFreeBytesRemaining
                0x0000000020012ea0        0x4 ./FreeRTOS/portable/MemMang/heap_4.o
 .bss.xBlockAllocatedBit
                0x0000000020012ea4        0x4 ./FreeRTOS/portable/MemMang/heap_4.o
 *(COMMON)
                0x0000000020012ea8                . = ALIGN (0x4)
                0x0000000020012ea8                _ebss = .
                0x0000000020012ea8                __bss_end__ = _ebss

._user_heap_stack
                0x0000000020012ea8      0x600
                0x0000000020012ea8                . = ALIGN (0x8)
                [!provide]                        PROVIDE (end = .)
                0x0000000020012ea8                PROVIDE (_end = .)
                0x00000000200130a8                . = (. + _Min_Heap_Size)
 *fill*         0x0000000020012ea8      0x200 
                0x00000000200134a8                . = (. + _Min_Stack_Size)
 *fill*         0x00000000200130a8      0x400 
                0x00000000200134a8                . = ALIGN (0x8)

/DISCARD/
 libc.a(*)
 libm.a(*)
 libgcc.a(*)

.ARM.attributes
                0x0000000000000000       0x30
 *(.ARM.attributes)
 .ARM.attributes
                0x0000000000000000       0x1e c:/st/stm32cubeide_1.11.0/stm32cubeide/plugins/com.st.stm32cube.ide.mcu.externaltools.gnu-tools-for-stm32.10.3-2021.10.win32_1.0.100.202210260954/tools/bin/../lib/gcc/arm-none-eabi/10.3.1/thumb/v7e-m+fp/hard/crti.o
 .ARM.attributes
                0x000000000000001e       0x34 c:/st/stm32cubeide_1.11.0/stm32cubeide/plugins/com.st.stm32cube.ide.mcu.externaltools.gnu-tools-for-stm32.10.3-2021.10.win32_1.0.100.202210260954/tools/bin/../lib/gcc/arm-none-eabi/10.3.1/thumb/v7e-m+fp/hard/crtbegin.o
 .ARM.attributes
                0x0000000000000052       0x34 ./Core/Src/main.o
 .ARM.attributes
                0x0000000000000086       0x34 ./Core/Src/stm32f4xx_hal_msp.o
 .ARM.attributes
                0x00000000000000ba       0x34 ./Core/Src/stm32f4xx_hal_timebase_tim.o
 .ARM.attributes
                0x00000000000000ee       0x34 ./Core/Src/stm32f4xx_it.o
 .ARM.attributes
                0x0000000000000122       0x34 ./Core/Src/system_stm32f4xx.o
 .ARM.attributes
                0x0000000000000156       0x21 ./Core/Startup/startup_stm32f407vgtx.o
 .ARM.attributes
                0x0000000000000177       0x34 ./Drivers/STM32F4xx_HAL_Driver/Src/stm32f4xx_hal.o
 .ARM.attributes
                0x00000000000001ab       0x34 ./Drivers/STM32F4xx_HAL_Driver/Src/stm32f4xx_hal_cortex.o
 .ARM.attributes
                0x00000000000001df       0x34 ./Drivers/STM32F4xx_HAL_Driver/Src/stm32f4xx_hal_gpio.o
 .ARM.attributes
                0x0000000000000213       0x34 ./Drivers/STM32F4xx_HAL_Driver/Src/stm32f4xx_hal_rcc.o
 .ARM.attributes
                0x0000000000000247       0x34 ./Drivers/STM32F4xx_HAL_Driver/Src/stm32f4xx_hal_tim.o
 .ARM.attributes
                0x000000000000027b       0x34 ./Drivers/STM32F4xx_HAL_Driver/Src/stm32f4xx_hal_tim_ex.o
 .ARM.attributes
                0x00000000000002af       0x34 ./Drivers/STM32F4xx_HAL_Driver/Src/stm32f4xx_hal_uart.o
 .ARM.attributes
                0x00000000000002e3       0x34 ./FreeRTOS/list.o
 .ARM.attributes
                0x0000000000000317       0x34 ./FreeRTOS/queue.o
 .ARM.attributes
                0x000000000000034b       0x34 ./FreeRTOS/tasks.o
 .ARM.attributes
                0x000000000000037f       0x34 ./FreeRTOS/timers.o
 .ARM.attributes
                0x00000000000003b3       0x34 ./FreeRTOS/portable/ARM_CM4F/port.o
 .ARM.attributes
                0x00000000000003e7       0x34 ./FreeRTOS/portable/MemMang/heap_4.o
 .ARM.attributes
                0x000000000000041b       0x34 c:/st/stm32cubeide_1.11.0/stm32cubeide/plugins/com.st.stm32cube.ide.mcu.externaltools.gnu-tools-for-stm32.10.3-2021.10.win32_1.0.100.202210260954/tools/bin/../lib/gcc/arm-none-eabi/10.3.1/../../../../arm-none-eabi/lib/thumb/v7e-m+fp/hard\libc_nano.a(lib_a-init.o)
 .ARM.attributes
                0x000000000000044f       0x34 c:/st/stm32cubeide_1.11.0/stm32cubeide/plugins/com.st.stm32cube.ide.mcu.externaltools.gnu-tools-for-stm32.10.3-2021.10.win32_1.0.100.202210260954/tools/bin/../lib/gcc/arm-none-eabi/10.3.1/../../../../arm-none-eabi/lib/thumb/v7e-m+fp/hard\libc_nano.a(lib_a-memcpy-stub.o)
 .ARM.attributes
                0x0000000000000483       0x34 c:/st/stm32cubeide_1.11.0/stm32cubeide/plugins/com.st.stm32cube.ide.mcu.externaltools.gnu-tools-for-stm32.10.3-2021.10.win32_1.0.100.202210260954/tools/bin/../lib/gcc/arm-none-eabi/10.3.1/../../../../arm-none-eabi/lib/thumb/v7e-m+fp/hard\libc_nano.a(lib_a-memset.o)
 .ARM.attributes
                0x00000000000004b7       0x1e c:/st/stm32cubeide_1.11.0/stm32cubeide/plugins/com.st.stm32cube.ide.mcu.externaltools.gnu-tools-for-stm32.10.3-2021.10.win32_1.0.100.202210260954/tools/bin/../lib/gcc/arm-none-eabi/10.3.1/thumb/v7e-m+fp/hard\libgcc.a(_aeabi_uldivmod.o)
 .ARM.attributes
                0x00000000000004d5       0x34 c:/st/stm32cubeide_1.11.0/stm32cubeide/plugins/com.st.stm32cube.ide.mcu.externaltools.gnu-tools-for-stm32.10.3-2021.10.win32_1.0.100.202210260954/tools/bin/../lib/gcc/arm-none-eabi/10.3.1/thumb/v7e-m+fp/hard\libgcc.a(_udivmoddi4.o)
 .ARM.attributes
                0x0000000000000509       0x1e c:/st/stm32cubeide_1.11.0/stm32cubeide/plugins/com.st.stm32cube.ide.mcu.externaltools.gnu-tools-for-stm32.10.3-2021.10.win32_1.0.100.202210260954/tools/bin/../lib/gcc/arm-none-eabi/10.3.1/thumb/v7e-m+fp/hard\libgcc.a(_dvmd_tls.o)
 .ARM.attributes
                0x0000000000000527       0x1e c:/st/stm32cubeide_1.11.0/stm32cubeide/plugins/com.st.stm32cube.ide.mcu.externaltools.gnu-tools-for-stm32.10.3-2021.10.win32_1.0.100.202210260954/tools/bin/../lib/gcc/arm-none-eabi/10.3.1/thumb/v7e-m+fp/hard/crtn.o
OUTPUT(final_v1.elf elf32-littlearm)
LOAD linker stubs
LOAD c:/st/stm32cubeide_1.11.0/stm32cubeide/plugins/com.st.stm32cube.ide.mcu.externaltools.gnu-tools-for-stm32.10.3-2021.10.win32_1.0.100.202210260954/tools/bin/../lib/gcc/arm-none-eabi/10.3.1/../../../../arm-none-eabi/lib/thumb/v7e-m+fp/hard\libc.a
LOAD c:/st/stm32cubeide_1.11.0/stm32cubeide/plugins/com.st.stm32cube.ide.mcu.externaltools.gnu-tools-for-stm32.10.3-2021.10.win32_1.0.100.202210260954/tools/bin/../lib/gcc/arm-none-eabi/10.3.1/../../../../arm-none-eabi/lib/thumb/v7e-m+fp/hard\libm.a
LOAD c:/st/stm32cubeide_1.11.0/stm32cubeide/plugins/com.st.stm32cube.ide.mcu.externaltools.gnu-tools-for-stm32.10.3-2021.10.win32_1.0.100.202210260954/tools/bin/../lib/gcc/arm-none-eabi/10.3.1/thumb/v7e-m+fp/hard\libgcc.a

.debug_info     0x0000000000000000    0x12836
 .debug_info    0x0000000000000000     0x186e ./Core/Src/main.o
 .debug_info    0x000000000000186e      0x96b ./Core/Src/stm32f4xx_hal_msp.o
 .debug_info    0x00000000000021d9      0xc4b ./Core/Src/stm32f4xx_hal_timebase_tim.o
 .debug_info    0x0000000000002e24      0x6f9 ./Core/Src/stm32f4xx_it.o
 .debug_info    0x000000000000351d      0x523 ./Core/Src/system_stm32f4xx.o
 .debug_info    0x0000000000003a40       0x22 ./Core/Startup/startup_stm32f407vgtx.o
 .debug_info    0x0000000000003a62      0x97c ./Drivers/STM32F4xx_HAL_Driver/Src/stm32f4xx_hal.o
 .debug_info    0x00000000000043de      0xe1b ./Drivers/STM32F4xx_HAL_Driver/Src/stm32f4xx_hal_cortex.o
 .debug_info    0x00000000000051f9      0x71a ./Drivers/STM32F4xx_HAL_Driver/Src/stm32f4xx_hal_gpio.o
 .debug_info    0x0000000000005913      0x966 ./Drivers/STM32F4xx_HAL_Driver/Src/stm32f4xx_hal_rcc.o
 .debug_info    0x0000000000006279     0x2bbe ./Drivers/STM32F4xx_HAL_Driver/Src/stm32f4xx_hal_tim.o
 .debug_info    0x0000000000008e37     0x15e0 ./Drivers/STM32F4xx_HAL_Driver/Src/stm32f4xx_hal_tim_ex.o
 .debug_info    0x000000000000a417     0x31bc ./Drivers/STM32F4xx_HAL_Driver/Src/stm32f4xx_hal_uart.o
 .debug_info    0x000000000000d5d3      0x2d1 ./FreeRTOS/list.o
 .debug_info    0x000000000000d8a4     0x184e ./FreeRTOS/queue.o
 .debug_info    0x000000000000f0f2     0x1fbe ./FreeRTOS/tasks.o
 .debug_info    0x00000000000110b0      0xe77 ./FreeRTOS/timers.o
 .debug_info    0x0000000000011f27      0x507 ./FreeRTOS/portable/ARM_CM4F/port.o
 .debug_info    0x000000000001242e      0x408 ./FreeRTOS/portable/MemMang/heap_4.o

.debug_abbrev   0x0000000000000000     0x29c4
 .debug_abbrev  0x0000000000000000      0x390 ./Core/Src/main.o
 .debug_abbrev  0x0000000000000390      0x19b ./Core/Src/stm32f4xx_hal_msp.o
 .debug_abbrev  0x000000000000052b      0x1e6 ./Core/Src/stm32f4xx_hal_timebase_tim.o
 .debug_abbrev  0x0000000000000711      0x171 ./Core/Src/stm32f4xx_it.o
 .debug_abbrev  0x0000000000000882      0x116 ./Core/Src/system_stm32f4xx.o
 .debug_abbrev  0x0000000000000998       0x12 ./Core/Startup/startup_stm32f407vgtx.o
 .debug_abbrev  0x00000000000009aa      0x20d ./Drivers/STM32F4xx_HAL_Driver/Src/stm32f4xx_hal.o
 .debug_abbrev  0x0000000000000bb7      0x316 ./Drivers/STM32F4xx_HAL_Driver/Src/stm32f4xx_hal_cortex.o
 .debug_abbrev  0x0000000000000ecd      0x1a8 ./Drivers/STM32F4xx_HAL_Driver/Src/stm32f4xx_hal_gpio.o
 .debug_abbrev  0x0000000000001075      0x2aa ./Drivers/STM32F4xx_HAL_Driver/Src/stm32f4xx_hal_rcc.o
 .debug_abbrev  0x000000000000131f      0x25d ./Drivers/STM32F4xx_HAL_Driver/Src/stm32f4xx_hal_tim.o
 .debug_abbrev  0x000000000000157c      0x265 ./Drivers/STM32F4xx_HAL_Driver/Src/stm32f4xx_hal_tim_ex.o
 .debug_abbrev  0x00000000000017e1      0x2f4 ./Drivers/STM32F4xx_HAL_Driver/Src/stm32f4xx_hal_uart.o
 .debug_abbrev  0x0000000000001ad5       0xf2 ./FreeRTOS/list.o
 .debug_abbrev  0x0000000000001bc7      0x341 ./FreeRTOS/queue.o
 .debug_abbrev  0x0000000000001f08      0x36e ./FreeRTOS/tasks.o
 .debug_abbrev  0x0000000000002276      0x2d8 ./FreeRTOS/timers.o
 .debug_abbrev  0x000000000000254e      0x259 ./FreeRTOS/portable/ARM_CM4F/port.o
 .debug_abbrev  0x00000000000027a7      0x21d ./FreeRTOS/portable/MemMang/heap_4.o

.debug_aranges  0x0000000000000000     0x10a0
 .debug_aranges
                0x0000000000000000       0x98 ./Core/Src/main.o
 .debug_aranges
                0x0000000000000098       0x30 ./Core/Src/stm32f4xx_hal_msp.o
 .debug_aranges
                0x00000000000000c8       0x30 ./Core/Src/stm32f4xx_hal_timebase_tim.o
 .debug_aranges
                0x00000000000000f8       0x50 ./Core/Src/stm32f4xx_it.o
 .debug_aranges
                0x0000000000000148       0x28 ./Core/Src/system_stm32f4xx.o
 .debug_aranges
                0x0000000000000170       0x28 ./Core/Startup/startup_stm32f407vgtx.o
 .debug_aranges
                0x0000000000000198       0xf0 ./Drivers/STM32F4xx_HAL_Driver/Src/stm32f4xx_hal.o
 .debug_aranges
                0x0000000000000288      0x118 ./Drivers/STM32F4xx_HAL_Driver/Src/stm32f4xx_hal_cortex.o
 .debug_aranges
                0x00000000000003a0       0x48 ./Drivers/STM32F4xx_HAL_Driver/Src/stm32f4xx_hal_gpio.o
 .debug_aranges
                0x00000000000003e8       0x88 ./Drivers/STM32F4xx_HAL_Driver/Src/stm32f4xx_hal_rcc.o
 .debug_aranges
                0x0000000000000470      0x3d0 ./Drivers/STM32F4xx_HAL_Driver/Src/stm32f4xx_hal_tim.o
 .debug_aranges
                0x0000000000000840      0x168 ./Drivers/STM32F4xx_HAL_Driver/Src/stm32f4xx_hal_tim_ex.o
 .debug_aranges
                0x00000000000009a8      0x200 ./Drivers/STM32F4xx_HAL_Driver/Src/stm32f4xx_hal_uart.o
 .debug_aranges
                0x0000000000000ba8       0x40 ./FreeRTOS/list.o
 .debug_aranges
                0x0000000000000be8      0x130 ./FreeRTOS/queue.o
 .debug_aranges
                0x0000000000000d18      0x1e8 ./FreeRTOS/tasks.o
 .debug_aranges
                0x0000000000000f00       0xd0 ./FreeRTOS/timers.o
 .debug_aranges
                0x0000000000000fd0       0x80 ./FreeRTOS/portable/ARM_CM4F/port.o
 .debug_aranges
                0x0000000000001050       0x50 ./FreeRTOS/portable/MemMang/heap_4.o

.debug_ranges   0x0000000000000000      0xfa8
 .debug_ranges  0x0000000000000000       0x88 ./Core/Src/main.o
 .debug_ranges  0x0000000000000088       0x20 ./Core/Src/stm32f4xx_hal_msp.o
 .debug_ranges  0x00000000000000a8       0x20 ./Core/Src/stm32f4xx_hal_timebase_tim.o
 .debug_ranges  0x00000000000000c8       0x40 ./Core/Src/stm32f4xx_it.o
 .debug_ranges  0x0000000000000108       0x18 ./Core/Src/system_stm32f4xx.o
 .debug_ranges  0x0000000000000120       0x20 ./Core/Startup/startup_stm32f407vgtx.o
 .debug_ranges  0x0000000000000140       0xe0 ./Drivers/STM32F4xx_HAL_Driver/Src/stm32f4xx_hal.o
 .debug_ranges  0x0000000000000220      0x108 ./Drivers/STM32F4xx_HAL_Driver/Src/stm32f4xx_hal_cortex.o
 .debug_ranges  0x0000000000000328       0x38 ./Drivers/STM32F4xx_HAL_Driver/Src/stm32f4xx_hal_gpio.o
 .debug_ranges  0x0000000000000360       0x78 ./Drivers/STM32F4xx_HAL_Driver/Src/stm32f4xx_hal_rcc.o
 .debug_ranges  0x00000000000003d8      0x3c0 ./Drivers/STM32F4xx_HAL_Driver/Src/stm32f4xx_hal_tim.o
 .debug_ranges  0x0000000000000798      0x158 ./Drivers/STM32F4xx_HAL_Driver/Src/stm32f4xx_hal_tim_ex.o
 .debug_ranges  0x00000000000008f0      0x220 ./Drivers/STM32F4xx_HAL_Driver/Src/stm32f4xx_hal_uart.o
 .debug_ranges  0x0000000000000b10       0x30 ./FreeRTOS/list.o
 .debug_ranges  0x0000000000000b40      0x120 ./FreeRTOS/queue.o
 .debug_ranges  0x0000000000000c60      0x1d8 ./FreeRTOS/tasks.o
 .debug_ranges  0x0000000000000e38       0xc0 ./FreeRTOS/timers.o
 .debug_ranges  0x0000000000000ef8       0x70 ./FreeRTOS/portable/ARM_CM4F/port.o
 .debug_ranges  0x0000000000000f68       0x40 ./FreeRTOS/portable/MemMang/heap_4.o

.debug_macro    0x0000000000000000    0x21a6f
 .debug_macro   0x0000000000000000      0x267 ./Core/Src/main.o
 .debug_macro   0x0000000000000267      0xa78 ./Core/Src/main.o
 .debug_macro   0x0000000000000cdf      0x29b ./Core/Src/main.o
 .debug_macro   0x0000000000000f7a       0x2e ./Core/Src/main.o
 .debug_macro   0x0000000000000fa8       0x2f ./Core/Src/main.o
 .debug_macro   0x0000000000000fd7       0x22 ./Core/Src/main.o
 .debug_macro   0x0000000000000ff9       0x8e ./Core/Src/main.o
 .debug_macro   0x0000000000001087       0x51 ./Core/Src/main.o
 .debug_macro   0x00000000000010d8      0x103 ./Core/Src/main.o
 .debug_macro   0x00000000000011db       0x6a ./Core/Src/main.o
 .debug_macro   0x0000000000001245      0x1df ./Core/Src/main.o
 .debug_macro   0x0000000000001424       0x1c ./Core/Src/main.o
 .debug_macro   0x0000000000001440       0x22 ./Core/Src/main.o
 .debug_macro   0x0000000000001462       0xd9 ./Core/Src/main.o
 .debug_macro   0x000000000000153b     0x102d ./Core/Src/main.o
 .debug_macro   0x0000000000002568      0x11f ./Core/Src/main.o
 .debug_macro   0x0000000000002687    0x15e82 ./Core/Src/main.o
 .debug_macro   0x0000000000018509       0x6d ./Core/Src/main.o
 .debug_macro   0x0000000000018576     0x367e ./Core/Src/main.o
 .debug_macro   0x000000000001bbf4      0x174 ./Core/Src/main.o
 .debug_macro   0x000000000001bd68       0x5c ./Core/Src/main.o
 .debug_macro   0x000000000001bdc4      0x96b ./Core/Src/main.o
 .debug_macro   0x000000000001c72f      0x9fe ./Core/Src/main.o
 .debug_macro   0x000000000001d12d      0x115 ./Core/Src/main.o
 .debug_macro   0x000000000001d242      0x13e ./Core/Src/main.o
 .debug_macro   0x000000000001d380       0xa5 ./Core/Src/main.o
 .debug_macro   0x000000000001d425      0x174 ./Core/Src/main.o
 .debug_macro   0x000000000001d599      0x287 ./Core/Src/main.o
 .debug_macro   0x000000000001d820       0x5f ./Core/Src/main.o
 .debug_macro   0x000000000001d87f      0x236 ./Core/Src/main.o
 .debug_macro   0x000000000001dab5      0x12c ./Core/Src/main.o
 .debug_macro   0x000000000001dbe1      0x21e ./Core/Src/main.o
 .debug_macro   0x000000000001ddff       0x2e ./Core/Src/main.o
 .debug_macro   0x000000000001de2d      0x11a ./Core/Src/main.o
 .debug_macro   0x000000000001df47       0x7e ./Core/Src/main.o
 .debug_macro   0x000000000001dfc5       0x89 ./Core/Src/main.o
 .debug_macro   0x000000000001e04e      0x8e6 ./Core/Src/main.o
 .debug_macro   0x000000000001e934       0x47 ./Core/Src/main.o
 .debug_macro   0x000000000001e97b      0x295 ./Core/Src/main.o
 .debug_macro   0x000000000001ec10      0x12d ./Core/Src/main.o
 .debug_macro   0x000000000001ed3d      0x1db ./Core/Src/main.o
 .debug_macro   0x000000000001ef18      0x106 ./Core/Src/main.o
 .debug_macro   0x000000000001f01e      0x15a ./Core/Src/main.o
 .debug_macro   0x000000000001f178       0xe4 ./Core/Src/main.o
 .debug_macro   0x000000000001f25c       0x1c ./Core/Src/main.o
 .debug_macro   0x000000000001f278       0x26 ./Core/Src/main.o
 .debug_macro   0x000000000001f29e      0x4d3 ./Core/Src/main.o
 .debug_macro   0x000000000001f771       0xb5 ./Core/Src/main.o
 .debug_macro   0x000000000001f826       0xaa ./Core/Src/main.o
 .debug_macro   0x000000000001f8d0       0x80 ./Core/Src/main.o
 .debug_macro   0x000000000001f950       0x7e ./Core/Src/main.o
 .debug_macro   0x000000000001f9ce      0x1dd ./Core/Src/stm32f4xx_hal_msp.o
 .debug_macro   0x000000000001fbab      0x1ce ./Core/Src/stm32f4xx_hal_timebase_tim.o
 .debug_macro   0x000000000001fd79      0x1e7 ./Core/Src/stm32f4xx_it.o
 .debug_macro   0x000000000001ff60      0x1ce ./Core/Src/system_stm32f4xx.o
 .debug_macro   0x000000000002012e      0x22e ./Drivers/STM32F4xx_HAL_Driver/Src/stm32f4xx_hal.o
 .debug_macro   0x000000000002035c      0x1ce ./Drivers/STM32F4xx_HAL_Driver/Src/stm32f4xx_hal_cortex.o
 .debug_macro   0x000000000002052a      0x1d4 ./Drivers/STM32F4xx_HAL_Driver/Src/stm32f4xx_hal_gpio.o
 .debug_macro   0x00000000000206fe      0x1f2 ./Drivers/STM32F4xx_HAL_Driver/Src/stm32f4xx_hal_rcc.o
 .debug_macro   0x00000000000208f0      0x1cf ./Drivers/STM32F4xx_HAL_Driver/Src/stm32f4xx_hal_tim.o
 .debug_macro   0x0000000000020abf      0x1ce ./Drivers/STM32F4xx_HAL_Driver/Src/stm32f4xx_hal_tim_ex.o
 .debug_macro   0x0000000000020c8d      0x1cf ./Drivers/STM32F4xx_HAL_Driver/Src/stm32f4xx_hal_uart.o
 .debug_macro   0x0000000000020e5c      0x187 ./FreeRTOS/list.o
 .debug_macro   0x0000000000020fe3      0x216 ./FreeRTOS/queue.o
 .debug_macro   0x00000000000211f9       0x16 ./FreeRTOS/queue.o
 .debug_macro   0x000000000002120f       0x20 ./FreeRTOS/queue.o
 .debug_macro   0x000000000002122f      0x279 ./FreeRTOS/tasks.o
 .debug_macro   0x00000000000214a8       0x10 ./FreeRTOS/tasks.o
 .debug_macro   0x00000000000214b8      0x1dc ./FreeRTOS/timers.o
 .debug_macro   0x0000000000021694       0x97 ./FreeRTOS/timers.o
 .debug_macro   0x000000000002172b      0x196 ./FreeRTOS/portable/ARM_CM4F/port.o
 .debug_macro   0x00000000000218c1      0x1ae ./FreeRTOS/portable/MemMang/heap_4.o

.debug_line     0x0000000000000000    0x1265a
 .debug_line    0x0000000000000000      0xd2c ./Core/Src/main.o
 .debug_line    0x0000000000000d2c      0x710 ./Core/Src/stm32f4xx_hal_msp.o
 .debug_line    0x000000000000143c      0x73d ./Core/Src/stm32f4xx_hal_timebase_tim.o
 .debug_line    0x0000000000001b79      0x760 ./Core/Src/stm32f4xx_it.o
 .debug_line    0x00000000000022d9      0x745 ./Core/Src/system_stm32f4xx.o
 .debug_line    0x0000000000002a1e       0x88 ./Core/Startup/startup_stm32f407vgtx.o
 .debug_line    0x0000000000002aa6      0x9ab ./Drivers/STM32F4xx_HAL_Driver/Src/stm32f4xx_hal.o
 .debug_line    0x0000000000003451      0xc5a ./Drivers/STM32F4xx_HAL_Driver/Src/stm32f4xx_hal_cortex.o
 .debug_line    0x00000000000040ab      0xaef ./Drivers/STM32F4xx_HAL_Driver/Src/stm32f4xx_hal_gpio.o
 .debug_line    0x0000000000004b9a      0xd27 ./Drivers/STM32F4xx_HAL_Driver/Src/stm32f4xx_hal_rcc.o
 .debug_line    0x00000000000058c1     0x369f ./Drivers/STM32F4xx_HAL_Driver/Src/stm32f4xx_hal_tim.o
 .debug_line    0x0000000000008f60     0x19a8 ./Drivers/STM32F4xx_HAL_Driver/Src/stm32f4xx_hal_tim_ex.o
 .debug_line    0x000000000000a908     0x2a50 ./Drivers/STM32F4xx_HAL_Driver/Src/stm32f4xx_hal_uart.o
 .debug_line    0x000000000000d358      0x6d6 ./FreeRTOS/list.o
 .debug_line    0x000000000000da2e     0x14e6 ./FreeRTOS/queue.o
 .debug_line    0x000000000000ef14     0x1afc ./FreeRTOS/tasks.o
 .debug_line    0x0000000000010a10      0xbf4 ./FreeRTOS/timers.o
 .debug_line    0x0000000000011604      0x7b8 ./FreeRTOS/portable/ARM_CM4F/port.o
 .debug_line    0x0000000000011dbc      0x89e ./FreeRTOS/portable/MemMang/heap_4.o

.debug_str      0x0000000000000000    0xd2418
 .debug_str     0x0000000000000000    0xc98f4 ./Core/Src/main.o
                                      0xc9d11 (size before relaxing)
 .debug_str     0x00000000000c98f4       0x66 ./Core/Src/stm32f4xx_hal_msp.o
                                      0xc440a (size before relaxing)
 .debug_str     0x00000000000c995a      0x107 ./Core/Src/stm32f4xx_hal_timebase_tim.o
                                      0xc4302 (size before relaxing)
 .debug_str     0x00000000000c9a61       0xb5 ./Core/Src/stm32f4xx_it.o
                                      0xc43c0 (size before relaxing)
 .debug_str     0x00000000000c9b16       0xdb ./Core/Src/system_stm32f4xx.o
                                      0xc380b (size before relaxing)
 .debug_str     0x00000000000c9bf1       0x36 ./Core/Startup/startup_stm32f407vgtx.o
                                         0x5d (size before relaxing)
 .debug_str     0x00000000000c9c27      0x5d3 ./Drivers/STM32F4xx_HAL_Driver/Src/stm32f4xx_hal.o
                                      0xc438f (size before relaxing)
 .debug_str     0x00000000000ca1fa      0x33a ./Drivers/STM32F4xx_HAL_Driver/Src/stm32f4xx_hal_cortex.o
                                      0xc40c2 (size before relaxing)
 .debug_str     0x00000000000ca534       0xcb ./Drivers/STM32F4xx_HAL_Driver/Src/stm32f4xx_hal_gpio.o
                                      0xc3956 (size before relaxing)
 .debug_str     0x00000000000ca5ff      0x1fd ./Drivers/STM32F4xx_HAL_Driver/Src/stm32f4xx_hal_rcc.o
                                      0xc3c3f (size before relaxing)
 .debug_str     0x00000000000ca7fc      0xe69 ./Drivers/STM32F4xx_HAL_Driver/Src/stm32f4xx_hal_tim.o
                                      0xc4b85 (size before relaxing)
 .debug_str     0x00000000000cb665      0x503 ./Drivers/STM32F4xx_HAL_Driver/Src/stm32f4xx_hal_tim_ex.o
                                      0xc43a1 (size before relaxing)
 .debug_str     0x00000000000cbb68      0x60a ./Drivers/STM32F4xx_HAL_Driver/Src/stm32f4xx_hal_uart.o
                                      0xc41de (size before relaxing)
 .debug_str     0x00000000000cc172     0x2fb4 ./FreeRTOS/list.o
                                       0xa655 (size before relaxing)
 .debug_str     0x00000000000cf126      0xa9d ./FreeRTOS/queue.o
                                       0xbf1e (size before relaxing)
 .debug_str     0x00000000000cfbc3     0x19d6 ./FreeRTOS/tasks.o
                                       0xcaf6 (size before relaxing)
 .debug_str     0x00000000000d1599      0x4e7 ./FreeRTOS/timers.o
                                       0xc2cf (size before relaxing)
 .debug_str     0x00000000000d1a80      0x760 ./FreeRTOS/portable/ARM_CM4F/port.o
                                       0x85be (size before relaxing)
 .debug_str     0x00000000000d21e0      0x238 ./FreeRTOS/portable/MemMang/heap_4.o
                                       0xae8f (size before relaxing)

.comment        0x0000000000000000       0x50
 .comment       0x0000000000000000       0x50 ./Core/Src/main.o
                                         0x51 (size before relaxing)
 .comment       0x0000000000000050       0x51 ./Core/Src/stm32f4xx_hal_msp.o
 .comment       0x0000000000000050       0x51 ./Core/Src/stm32f4xx_hal_timebase_tim.o
 .comment       0x0000000000000050       0x51 ./Core/Src/stm32f4xx_it.o
 .comment       0x0000000000000050       0x51 ./Core/Src/system_stm32f4xx.o
 .comment       0x0000000000000050       0x51 ./Drivers/STM32F4xx_HAL_Driver/Src/stm32f4xx_hal.o
 .comment       0x0000000000000050       0x51 ./Drivers/STM32F4xx_HAL_Driver/Src/stm32f4xx_hal_cortex.o
 .comment       0x0000000000000050       0x51 ./Drivers/STM32F4xx_HAL_Driver/Src/stm32f4xx_hal_gpio.o
 .comment       0x0000000000000050       0x51 ./Drivers/STM32F4xx_HAL_Driver/Src/stm32f4xx_hal_rcc.o
 .comment       0x0000000000000050       0x51 ./Drivers/STM32F4xx_HAL_Driver/Src/stm32f4xx_hal_tim.o
 .comment       0x0000000000000050       0x51 ./Drivers/STM32F4xx_HAL_Driver/Src/stm32f4xx_hal_tim_ex.o
 .comment       0x0000000000000050       0x51 ./Drivers/STM32F4xx_HAL_Driver/Src/stm32f4xx_hal_uart.o
 .comment       0x0000000000000050       0x51 ./FreeRTOS/list.o
 .comment       0x0000000000000050       0x51 ./FreeRTOS/queue.o
 .comment       0x0000000000000050       0x51 ./FreeRTOS/tasks.o
 .comment       0x0000000000000050       0x51 ./FreeRTOS/timers.o
 .comment       0x0000000000000050       0x51 ./FreeRTOS/portable/ARM_CM4F/port.o
 .comment       0x0000000000000050       0x51 ./FreeRTOS/portable/MemMang/heap_4.o

.debug_frame    0x0000000000000000     0x4584
 .debug_frame   0x0000000000000000      0x204 ./Core/Src/main.o
 .debug_frame   0x0000000000000204       0x80 ./Core/Src/stm32f4xx_hal_msp.o
 .debug_frame   0x0000000000000284       0x74 ./Core/Src/stm32f4xx_hal_timebase_tim.o
 .debug_frame   0x00000000000002f8       0xc4 ./Core/Src/stm32f4xx_it.o
 .debug_frame   0x00000000000003bc       0x58 ./Core/Src/system_stm32f4xx.o
 .debug_frame   0x0000000000000414      0x374 ./Drivers/STM32F4xx_HAL_Driver/Src/stm32f4xx_hal.o
 .debug_frame   0x0000000000000788      0x498 ./Drivers/STM32F4xx_HAL_Driver/Src/stm32f4xx_hal_cortex.o
 .debug_frame   0x0000000000000c20      0x100 ./Drivers/STM32F4xx_HAL_Driver/Src/stm32f4xx_hal_gpio.o
 .debug_frame   0x0000000000000d20      0x1f4 ./Drivers/STM32F4xx_HAL_Driver/Src/stm32f4xx_hal_rcc.o
 .debug_frame   0x0000000000000f14     0x11c4 ./Drivers/STM32F4xx_HAL_Driver/Src/stm32f4xx_hal_tim.o
 .debug_frame   0x00000000000020d8      0x638 ./Drivers/STM32F4xx_HAL_Driver/Src/stm32f4xx_hal_tim_ex.o
 .debug_frame   0x0000000000002710      0x92c ./Drivers/STM32F4xx_HAL_Driver/Src/stm32f4xx_hal_uart.o
 .debug_frame   0x000000000000303c       0xd8 ./FreeRTOS/list.o
 .debug_frame   0x0000000000003114      0x530 ./FreeRTOS/queue.o
 .debug_frame   0x0000000000003644      0x854 ./FreeRTOS/tasks.o
 .debug_frame   0x0000000000003e98      0x368 ./FreeRTOS/timers.o
 .debug_frame   0x0000000000004200      0x1a8 ./FreeRTOS/portable/ARM_CM4F/port.o
 .debug_frame   0x00000000000043a8      0x108 ./FreeRTOS/portable/MemMang/heap_4.o
 .debug_frame   0x00000000000044b0       0x2c c:/st/stm32cubeide_1.11.0/stm32cubeide/plugins/com.st.stm32cube.ide.mcu.externaltools.gnu-tools-for-stm32.10.3-2021.10.win32_1.0.100.202210260954/tools/bin/../lib/gcc/arm-none-eabi/10.3.1/../../../../arm-none-eabi/lib/thumb/v7e-m+fp/hard\libc_nano.a(lib_a-init.o)
 .debug_frame   0x00000000000044dc       0x28 c:/st/stm32cubeide_1.11.0/stm32cubeide/plugins/com.st.stm32cube.ide.mcu.externaltools.gnu-tools-for-stm32.10.3-2021.10.win32_1.0.100.202210260954/tools/bin/../lib/gcc/arm-none-eabi/10.3.1/../../../../arm-none-eabi/lib/thumb/v7e-m+fp/hard\libc_nano.a(lib_a-memcpy-stub.o)
 .debug_frame   0x0000000000004504       0x20 c:/st/stm32cubeide_1.11.0/stm32cubeide/plugins/com.st.stm32cube.ide.mcu.externaltools.gnu-tools-for-stm32.10.3-2021.10.win32_1.0.100.202210260954/tools/bin/../lib/gcc/arm-none-eabi/10.3.1/../../../../arm-none-eabi/lib/thumb/v7e-m+fp/hard\libc_nano.a(lib_a-memset.o)
 .debug_frame   0x0000000000004524       0x2c c:/st/stm32cubeide_1.11.0/stm32cubeide/plugins/com.st.stm32cube.ide.mcu.externaltools.gnu-tools-for-stm32.10.3-2021.10.win32_1.0.100.202210260954/tools/bin/../lib/gcc/arm-none-eabi/10.3.1/thumb/v7e-m+fp/hard\libgcc.a(_aeabi_uldivmod.o)
 .debug_frame   0x0000000000004550       0x34 c:/st/stm32cubeide_1.11.0/stm32cubeide/plugins/com.st.stm32cube.ide.mcu.externaltools.gnu-tools-for-stm32.10.3-2021.10.win32_1.0.100.202210260954/tools/bin/../lib/gcc/arm-none-eabi/10.3.1/thumb/v7e-m+fp/hard\libgcc.a(_udivmoddi4.o)
