../Core/Src/main.c:102:6:LED_Task	8	static
../Core/Src/main.c:114:6:USART_Test	72	static
../Core/Src/main.c:141:5:main	16	static
../Core/Src/main.c:201:6:SystemClock_Config	88	static
../Core/Src/main.c:248:13:MX_USART2_UART_Init	8	static
../Core/Src/main.c:281:13:MX_GPIO_Init	56	static
../Core/Src/main.c:430:6:EXTI0_IRQHandler	8	static
../Core/Src/main.c:443:6:EXTI1_IRQHandler	8	static
../Core/Src/main.c:458:6:EXTI2_IRQHandler	8	static
../Core/Src/main.c:476:6:EXTI3_IRQHandler	8	static
../Core/Src/main.c:487:6:EXTI4_IRQHandler	8	static
../Core/Src/main.c:503:6:HAL_GPIO_EXTI_IRQHandler	16	static
../Core/Src/main.c:516:6:HAL_GPIO_EXTI_Callback	24	static
../Core/Src/main.c:557:6:LED_task	64	static
../Core/Src/main.c:687:6:HAL_TIM_PeriodElapsedCallback	16	static
../Core/Src/main.c:704:6:Error_Handler	4	static,ignoring_inline_asm
